Component: ARM Compiler 5.06 update 1 (build 61) Tool: armlink [4d35a8]

==============================================================================

Section Cross References

    main.o(i.adc_configure) refers to nrf_drv_saadc.o(i.nrf_drv_saadc_init) for nrf_drv_saadc_init
    main.o(i.adc_configure) refers to app_error.o(i.app_error_handler_bare) for app_error_handler_bare
    main.o(i.adc_configure) refers to nrf_drv_saadc.o(i.nrf_drv_saadc_channel_init) for nrf_drv_saadc_channel_init
    main.o(i.adc_configure) refers to nrf_drv_saadc.o(i.nrf_drv_saadc_buffer_convert) for nrf_drv_saadc_buffer_convert
    main.o(i.adc_configure) refers to main.o(i.saadc_event_handler) for saadc_event_handler
    main.o(i.adc_configure) refers to main.o(.constdata) for .constdata
    main.o(i.adc_configure) refers to main.o(.data) for .data
    main.o(i.advertising_start) refers to ble_advertising.o(i.ble_advertising_start) for ble_advertising_start
    main.o(i.advertising_start) refers to app_error.o(i.app_error_handler_bare) for app_error_handler_bare
    main.o(i.alert_signal) refers to bsp.o(i.bsp_indication_set) for bsp_indication_set
    main.o(i.alert_signal) refers to app_error.o(i.app_error_handler_bare) for app_error_handler_bare
    main.o(i.assert_nrf_callback) refers to app_error.o(i.app_error_handler) for app_error_handler
    main.o(i.bas_init) refers to memseta.o(.text) for __aeabi_memclr4
    main.o(i.bas_init) refers to ble_bas.o(i.ble_bas_init) for ble_bas_init
    main.o(i.bas_init) refers to app_error.o(i.app_error_handler_bare) for app_error_handler_bare
    main.o(i.bas_init) refers to main.o(i.on_bas_evt) for on_bas_evt
    main.o(i.bas_init) refers to main.o(.bss) for .bss
    main.o(i.battery_level_meas_timeout_handler) refers to nrf_drv_saadc.o(i.nrf_drv_saadc_sample) for nrf_drv_saadc_sample
    main.o(i.battery_level_meas_timeout_handler) refers to app_error.o(i.app_error_handler_bare) for app_error_handler_bare
    main.o(i.ble_evt_dispatch) refers to ble_conn_state.o(i.ble_conn_state_on_ble_evt) for ble_conn_state_on_ble_evt
    main.o(i.ble_evt_dispatch) refers to peer_manager.o(i.pm_on_ble_evt) for pm_on_ble_evt
    main.o(i.ble_evt_dispatch) refers to ble_db_discovery.o(i.ble_db_discovery_on_ble_evt) for ble_db_discovery_on_ble_evt
    main.o(i.ble_evt_dispatch) refers to ble_conn_params.o(i.ble_conn_params_on_ble_evt) for ble_conn_params_on_ble_evt
    main.o(i.ble_evt_dispatch) refers to ble_ias.o(i.ble_ias_on_ble_evt) for ble_ias_on_ble_evt
    main.o(i.ble_evt_dispatch) refers to ble_lls.o(i.ble_lls_on_ble_evt) for ble_lls_on_ble_evt
    main.o(i.ble_evt_dispatch) refers to ble_bas.o(i.ble_bas_on_ble_evt) for ble_bas_on_ble_evt
    main.o(i.ble_evt_dispatch) refers to ble_ias_c.o(i.ble_ias_c_on_ble_evt) for ble_ias_c_on_ble_evt
    main.o(i.ble_evt_dispatch) refers to ble_tps.o(i.ble_tps_on_ble_evt) for ble_tps_on_ble_evt
    main.o(i.ble_evt_dispatch) refers to bsp_btn_ble.o(i.bsp_btn_ble_on_ble_evt) for bsp_btn_ble_on_ble_evt
    main.o(i.ble_evt_dispatch) refers to main.o(i.on_ble_evt) for on_ble_evt
    main.o(i.ble_evt_dispatch) refers to ble_advertising.o(i.ble_advertising_on_ble_evt) for ble_advertising_on_ble_evt
    main.o(i.ble_evt_dispatch) refers to main.o(.bss) for .bss
    main.o(i.ble_stack_init) refers to softdevice_handler.o(i.softdevice_handler_init) for softdevice_handler_init
    main.o(i.ble_stack_init) refers to app_error.o(i.app_error_handler_bare) for app_error_handler_bare
    main.o(i.ble_stack_init) refers to softdevice_handler.o(i.softdevice_enable_get_default_config) for softdevice_enable_get_default_config
    main.o(i.ble_stack_init) refers to softdevice_handler.o(i.sd_check_ram_start) for sd_check_ram_start
    main.o(i.ble_stack_init) refers to softdevice_handler.o(i.softdevice_enable) for softdevice_enable
    main.o(i.ble_stack_init) refers to softdevice_handler.o(i.softdevice_ble_evt_handler_set) for softdevice_ble_evt_handler_set
    main.o(i.ble_stack_init) refers to softdevice_handler.o(i.softdevice_sys_evt_handler_set) for softdevice_sys_evt_handler_set
    main.o(i.ble_stack_init) refers to main.o(.constdata) for .constdata
    main.o(i.ble_stack_init) refers to main.o(.bss) for .bss
    main.o(i.ble_stack_init) refers to main.o(i.ble_evt_dispatch) for ble_evt_dispatch
    main.o(i.ble_stack_init) refers to main.o(i.sys_evt_dispatch) for sys_evt_dispatch
    main.o(i.bsp_event_handler) refers to ble_ias_c.o(i.ble_ias_c_send_alert_level) for ble_ias_c_send_alert_level
    main.o(i.bsp_event_handler) refers to main.o(i.sleep_mode_enter) for sleep_mode_enter
    main.o(i.bsp_event_handler) refers to app_error.o(i.app_error_handler_bare) for app_error_handler_bare
    main.o(i.bsp_event_handler) refers to bsp.o(i.bsp_indication_set) for bsp_indication_set
    main.o(i.bsp_event_handler) refers to main.o(.data) for .data
    main.o(i.bsp_event_handler) refers to main.o(.bss) for .bss
[...]
    SWI1_EGU1_IRQHandler                     0x0001c4a7   Thumb Code     0  arm_startup_nrf52.o(.text)
    SWI3_EGU3_IRQHandler                     0x0001c4a7   Thumb Code     0  arm_startup_nrf52.o(.text)
    SWI4_EGU4_IRQHandler                     0x0001c4a7   Thumb Code     0  arm_startup_nrf52.o(.text)
    SWI5_EGU5_IRQHandler                     0x0001c4a7   Thumb Code     0  arm_startup_nrf52.o(.text)
    TEMP_IRQHandler                          0x0001c4a7   Thumb Code     0  arm_startup_nrf52.o(.text)
    TIMER3_IRQHandler                        0x0001c4a7   Thumb Code     0  arm_startup_nrf52.o(.text)
    TIMER4_IRQHandler                        0x0001c4a7   Thumb Code     0  arm_startup_nrf52.o(.text)
    WDT_IRQHandler                           0x0001c4a7   Thumb Code     0  arm_startup_nrf52.o(.text)
    __aeabi_memcpy                           0x0001c4b1   Thumb Code    36  memcpya.o(.text)
    __aeabi_memcpy4                          0x0001c4b1   Thumb Code     0  memcpya.o(.text)
    __aeabi_memcpy8                          0x0001c4b1   Thumb Code     0  memcpya.o(.text)
    __aeabi_memset                           0x0001c4d5   Thumb Code    14  memseta.o(.text)
    __aeabi_memset4                          0x0001c4d5   Thumb Code     0  memseta.o(.text)
    __aeabi_memset8                          0x0001c4d5   Thumb Code     0  memseta.o(.text)
    __aeabi_memclr                           0x0001c4e3   Thumb Code     4  memseta.o(.text)
    __aeabi_memclr4                          0x0001c4e3   Thumb Code     0  memseta.o(.text)
    __aeabi_memclr8                          0x0001c4e3   Thumb Code     0  memseta.o(.text)
    _memset$wrapper                          0x0001c4e7   Thumb Code    18  memseta.o(.text)
    memcmp                                   0x0001c4f9   Thumb Code    26  memcmp.o(.text)
    __scatterload                            0x0001c515   Thumb Code    28  init.o(.text)
    __scatterload_rt2                        0x0001c515   Thumb Code     0  init.o(.text)
    __decompress                             0x0001c539   Thumb Code     0  __dczerorl2.o(.text)
    __decompress1                            0x0001c539   Thumb Code    86  __dczerorl2.o(.text)
    GPIOTE_IRQHandler                        0x0001c591   Thumb Code   316  nrf_drv_gpiote.o(i.GPIOTE_IRQHandler)
    RTC1_IRQHandler                          0x0001c73d   Thumb Code    32  app_timer.o(i.RTC1_IRQHandler)
    SAADC_IRQHandler                         0x0001c761   Thumb Code   172  nrf_drv_saadc.o(i.SAADC_IRQHandler)
    SWI0_EGU0_IRQHandler                     0x0001c81d   Thumb Code     4  app_timer.o(i.SWI0_EGU0_IRQHandler)
    SWI2_EGU2_IRQHandler                     0x0001c821   Thumb Code    32  softdevice_handler.o(i.SWI2_EGU2_IRQHandler)
    SystemInit                               0x0001c845   Thumb Code   566  system_nrf52.o(i.SystemInit)
    TIMER0_IRQHandler                        0x0001cab1   Thumb Code    10  nrf_drv_timer.o(i.TIMER0_IRQHandler)
    TIMER1_IRQHandler                        0x0001cac5   Thumb Code    10  nrf_drv_timer.o(i.TIMER1_IRQHandler)
    TIMER2_IRQHandler                        0x0001cad9   Thumb Code    10  nrf_drv_timer.o(i.TIMER2_IRQHandler)
    UARTE0_UART0_IRQHandler                  0x0001caed   Thumb Code    14  nrf_drv_uart.o(i.UARTE0_UART0_IRQHandler)
    __scatterload_copy                       0x0001cb01   Thumb Code    14  handlers.o(i.__scatterload_copy)
    __scatterload_null                       0x0001cb0f   Thumb Code     2  handlers.o(i.__scatterload_null)
    __scatterload_zeroinit                   0x0001cb11   Thumb Code    14  handlers.o(i.__scatterload_zeroinit)
    adc_configure                            0x0001cb21   Thumb Code    82  main.o(i.adc_configure)
    addr_compare                             0x0001cb81   Thumb Code    34  id_manager.o(i.addr_compare)
    adv_data_encode                          0x0001cba3   Thumb Code   514  ble_advdata.o(i.adv_data_encode)
    ah                                       0x0001cdf1   Thumb Code    82  id_manager.o(i.ah)
    app_button_enable                        0x0001cfe5   Thumb Code    32  app_button.o(i.app_button_enable)
    app_button_init                          0x0001d009   Thumb Code    96  app_button.o(i.app_button_init)
    app_error_fault_handler                  0x0001d079   Thumb Code    26  app_error_weak.o(i.app_error_fault_handler)
    app_error_handler_bare                   0x0001d09d   Thumb Code    22  app_error.o(i.app_error_handler_bare)
    app_pwm_busy_check                       0x0001d0b5   Thumb Code    50  app_pwm.o(i.app_pwm_busy_check)
    app_pwm_channel_duty_set                 0x0001d0f1   Thumb Code    20  app_pwm.o(i.app_pwm_channel_duty_set)
    app_pwm_channel_duty_ticks_set           0x0001d105   Thumb Code   182  app_pwm.o(i.app_pwm_channel_duty_ticks_set)
    app_pwm_disable                          0x0001d2ad   Thumb Code   124  app_pwm.o(i.app_pwm_disable)
    app_pwm_enable                           0x0001d32d   Thumb Code   114  app_pwm.o(i.app_pwm_enable)
    app_pwm_init                             0x0001d3a5   Thumb Code   406  app_pwm.o(i.app_pwm_init)
    app_timer_create                         0x0001d551   Thumb Code    32  app_timer.o(i.app_timer_create)
    app_timer_init                           0x0001d575   Thumb Code   134  app_timer.o(i.app_timer_init)
    app_timer_start                          0x0001d605   Thumb Code   118  app_timer.o(i.app_timer_start)
    app_timer_stop                           0x0001d685   Thumb Code    76  app_timer.o(i.app_timer_stop)
    app_util_critical_region_enter           0x0001d6d5   Thumb Code    64  app_util_platform.o(i.app_util_critical_region_enter)
    app_util_critical_region_exit            0x0001d71d   Thumb Code    46  app_util_platform.o(i.app_util_critical_region_exit)
    ble_advdata_set                          0x0001d9eb   Thumb Code    96  ble_advdata.o(i.ble_advdata_set)
    ble_advertising_init                     0x0001da4d   Thumb Code   274  ble_advertising.o(i.ble_advertising_init)
    ble_advertising_on_ble_evt               0x0001db69   Thumb Code   122  ble_advertising.o(i.ble_advertising_on_ble_evt)
    ble_advertising_on_sys_evt               0x0001dbe9   Thumb Code    46  ble_advertising.o(i.ble_advertising_on_sys_evt)
    ble_advertising_start                    0x0001dc2d   Thumb Code   470  ble_advertising.o(i.ble_advertising_start)
    ble_bas_init                             0x0001de0d   Thumb Code    68  ble_bas.o(i.ble_bas_init)
    ble_bas_on_ble_evt                       0x0001de51   Thumb Code    88  ble_bas.o(i.ble_bas_on_ble_evt)
    ble_conn_params_init                     0x0001dea9   Thumb Code    72  ble_conn_params.o(i.ble_conn_params_init)
    ble_conn_params_on_ble_evt               0x0001df01   Thumb Code   120  ble_conn_params.o(i.ble_conn_params_on_ble_evt)
    ble_conn_state_conn_handles              0x0001df85   Thumb Code    10  ble_conn_state.o(i.ble_conn_state_conn_handles)
    ble_conn_state_encrypted                 0x0001df95   Thumb Code    12  ble_conn_state.o(i.ble_conn_state_encrypted)
    ble_conn_state_mitm_protected            0x0001dfa5   Thumb Code    12  ble_conn_state.o(i.ble_conn_state_mitm_protected)
    ble_conn_state_on_ble_evt                0x0001dfb5   Thumb Code   264  ble_conn_state.o(i.ble_conn_state_on_ble_evt)
    ble_conn_state_role                      0x0001e0c1   Thumb Code    42  ble_conn_state.o(i.ble_conn_state_role)
    ble_conn_state_user_flag_acquire         0x0001e0f1   Thumb Code    40  ble_conn_state.o(i.ble_conn_state_user_flag_acquire)
    ble_conn_state_user_flag_collection      0x0001e11d   Thumb Code    20  ble_conn_state.o(i.ble_conn_state_user_flag_collection)
    ble_conn_state_user_flag_get             0x0001e135   Thumb Code    36  ble_conn_state.o(i.ble_conn_state_user_flag_get)
    ble_conn_state_user_flag_set             0x0001e15d   Thumb Code    40  ble_conn_state.o(i.ble_conn_state_user_flag_set)
    ble_db_discovery_evt_register            0x0001e189   Thumb Code    56  ble_db_discovery.o(i.ble_db_discovery_evt_register)
    ble_db_discovery_init                    0x0001e1c9   Thumb Code    24  ble_db_discovery.o(i.ble_db_discovery_init)
    ble_db_discovery_on_ble_evt              0x0001e1e5   Thumb Code    70  ble_db_discovery.o(i.ble_db_discovery_on_ble_evt)
    ble_db_discovery_start                   0x0001e231   Thumb Code    80  ble_db_discovery.o(i.ble_db_discovery_start)
    ble_ias_c_handles_assign                 0x0001e355   Thumb Code    14  ble_ias_c.o(i.ble_ias_c_handles_assign)
    ble_ias_c_init                           0x0001e363   Thumb Code    58  ble_ias_c.o(i.ble_ias_c_init)
    ble_ias_c_on_ble_evt                     0x0001e3a7   Thumb Code    46  ble_ias_c.o(i.ble_ias_c_on_ble_evt)
    ble_ias_c_on_db_disc_evt                 0x0001e3d5   Thumb Code   120  ble_ias_c.o(i.ble_ias_c_on_db_disc_evt)
    ble_ias_c_send_alert_level               0x0001e44d   Thumb Code    58  ble_ias_c.o(i.ble_ias_c_send_alert_level)
    ble_ias_init                             0x0001e487   Thumb Code    48  ble_ias.o(i.ble_ias_init)
    ble_ias_on_ble_evt                       0x0001e4b7   Thumb Code    54  ble_ias.o(i.ble_ias_on_ble_evt)
    ble_lls_alert_level_get                  0x0001e4ed   Thumb Code    28  ble_lls.o(i.ble_lls_alert_level_get)
    ble_lls_init                             0x0001e509   Thumb Code    58  ble_lls.o(i.ble_lls_init)
    ble_lls_on_ble_evt                       0x0001e543   Thumb Code    88  ble_lls.o(i.ble_lls_on_ble_evt)
    ble_srv_report_ref_encode                0x0001e59b   Thumb Code    12  ble_srv_common.o(i.ble_srv_report_ref_encode)
    ble_tps_init                             0x0001e629   Thumb Code    42  ble_tps.o(i.ble_tps_init)
    ble_tps_on_ble_evt                       0x0001e653   Thumb Code    12  ble_tps.o(i.ble_tps_on_ble_evt)
    bsp_btn_ble_init                         0x0001e661   Thumb Code    72  bsp_btn_ble.o(i.bsp_btn_ble_init)
    bsp_btn_ble_on_ble_evt                   0x0001e6ad   Thumb Code   106  bsp_btn_ble.o(i.bsp_btn_ble_on_ble_evt)
    bsp_btn_ble_sleep_mode_prepare           0x0001e71d   Thumb Code    18  bsp_btn_ble.o(i.bsp_btn_ble_sleep_mode_prepare)
    bsp_button_is_pressed                    0x0001e7dd   Thumb Code    32  bsp.o(i.bsp_button_is_pressed)
    bsp_event_to_button_action_assign        0x0001e8bd   Thumb Code    48  bsp.o(i.bsp_event_to_button_action_assign)
    bsp_indication_set                       0x0001e8f1   Thumb Code    22  bsp.o(i.bsp_indication_set)
    bsp_init                                 0x0001e90d   Thumb Code   170  bsp.o(i.bsp_init)
    bsp_wakeup_buttons_set                   0x0001ecc5   Thumb Code    38  bsp.o(i.bsp_wakeup_buttons_set)
    buzzer_init                              0x0001ecf9   Thumb Code    44  buzzer_pwm.o(i.buzzer_init)
    buzzer_off                               0x0001ed2d   Thumb Code    20  buzzer_pwm.o(i.buzzer_off)
    buzzer_on                                0x0001ed49   Thumb Code    44  buzzer_pwm.o(i.buzzer_on)
    chunk_queue_next                         0x0001ee59   Thumb Code    20  fds.o(i.chunk_queue_next)
    fds_descriptor_from_rec_id               0x0001f469   Thumb Code    18  fds.o(i.fds_descriptor_from_rec_id)
    fds_file_delete                          0x0001f54d   Thumb Code    70  fds.o(i.fds_file_delete)
    fds_gc                                   0x0001f599   Thumb Code    58  fds.o(i.fds_gc)
    fds_init                                 0x0001f5dd   Thumb Code   136  fds.o(i.fds_init)
    fds_record_close                         0x0001f669   Thumb Code    54  fds.o(i.fds_record_close)
    fds_record_find                          0x0001f6a5   Thumb Code    14  fds.o(i.fds_record_find)
    fds_record_find_by_key                   0x0001f6b3   Thumb Code    16  fds.o(i.fds_record_find_by_key)
    fds_record_find_in_file                  0x0001f6c3   Thumb Code    16  fds.o(i.fds_record_find_in_file)
    fds_record_id_from_desc                  0x0001f6d3   Thumb Code    16  fds.o(i.fds_record_id_from_desc)
    fds_record_open                          0x0001f6e5   Thumb Code    60  fds.o(i.fds_record_open)
    fds_record_update                        0x0001f725   Thumb Code    14  fds.o(i.fds_record_update)
    fds_record_write                         0x0001f733   Thumb Code     8  fds.o(i.fds_record_write)
    fds_record_write_reserved                0x0001f73b   Thumb Code    12  fds.o(i.fds_record_write_reserved)
    fds_register                             0x0001f749   Thumb Code    26  fds.o(i.fds_register)
    fds_reserve                              0x0001f76d   Thumb Code    46  fds.o(i.fds_reserve)
    fds_reserve_cancel                       0x0001f7a1   Thumb Code    60  fds.o(i.fds_reserve_cancel)
    fs_erase                                 0x0001f881   Thumb Code   106  fstorage.o(i.fs_erase)
    fs_init                                  0x0001f8f9   Thumb Code   124  fstorage.o(i.fs_init)
    fs_queued_op_count_get                   0x0001f981   Thumb Code    16  fstorage.o(i.fs_queued_op_count_get)
    fs_store                                 0x0001f995   Thumb Code   114  fstorage.o(i.fs_store)
    fs_sys_event_handler                     0x0001fa0d   Thumb Code    96  fstorage.o(i.fs_sys_event_handler)
    gccm_init                                0x0001fcc1   Thumb Code    26  gattc_cache_manager.o(i.gccm_init)
    gcm_ble_evt_handler                      0x0001fce5   Thumb Code   228  gatt_cache_manager.o(i.gcm_ble_evt_handler)
    gcm_init                                 0x0001fe55   Thumb Code   114  gatt_cache_manager.o(i.gcm_init)
    gcm_local_database_has_changed           0x0001fedd   Thumb Code    78  gatt_cache_manager.o(i.gcm_local_database_has_changed)
    get_connection_by_conn_handle            0x0001ff31   Thumb Code    48  id_manager.o(i.get_connection_by_conn_handle)
    get_free_connection                      0x0001ff65   Thumb Code    42  id_manager.o(i.get_free_connection)
    gscm_db_change_notification_done         0x0001ffed   Thumb Code    30  gatts_cache_manager.o(i.gscm_db_change_notification_done)
    gscm_init                                0x0002007d   Thumb Code    36  gatts_cache_manager.o(i.gscm_init)
    gscm_local_database_has_changed          0x000200a9   Thumb Code    30  gatts_cache_manager.o(i.gscm_local_database_has_changed)
    gscm_local_db_cache_apply                0x000200cd   Thumb Code   122  gatts_cache_manager.o(i.gscm_local_db_cache_apply)
    gscm_local_db_cache_update               0x0002014d   Thumb Code   140  gatts_cache_manager.o(i.gscm_local_db_cache_update)
    gscm_service_changed_ind_needed          0x000201dd   Thumb Code    26  gatts_cache_manager.o(i.gscm_service_changed_ind_needed)
    gscm_service_changed_ind_send            0x000201f9   Thumb Code    40  gatts_cache_manager.o(i.gscm_service_changed_ind_send)
    im_address_resolve                       0x0002023b   Thumb Code    66  id_manager.o(i.im_address_resolve)
    im_ble_addr_get                          0x0002027d   Thumb Code    58  id_manager.o(i.im_ble_addr_get)
    im_ble_evt_handler                       0x000202bd   Thumb Code   178  id_manager.o(i.im_ble_evt_handler)
    im_conn_handle_get                       0x00020375   Thumb Code    42  id_manager.o(i.im_conn_handle_get)
    im_master_id_is_valid                    0x00020425   Thumb Code    24  id_manager.o(i.im_master_id_is_valid)
    im_master_ids_compare                    0x0002043d   Thumb Code    42  id_manager.o(i.im_master_ids_compare)
    im_new_peer_id                           0x00020467   Thumb Code     4  id_manager.o(i.im_new_peer_id)
    im_peer_free                             0x0002046d   Thumb Code    52  id_manager.o(i.im_peer_free)
    im_peer_id_get_by_conn_handle            0x000204a5   Thumb Code    34  id_manager.o(i.im_peer_id_get_by_conn_handle)
    im_peer_id_get_by_master_id              0x000204cd   Thumb Code    68  id_manager.o(i.im_peer_id_get_by_master_id)
    im_register                              0x00020511   Thumb Code   112  id_manager.o(i.im_register)
    intern_softdevice_events_execute         0x00020649   Thumb Code   106  softdevice_handler.o(i.intern_softdevice_events_execute)
    is_duplicate_bonding_data                0x000207a7   Thumb Code    48  id_manager.o(i.is_duplicate_bonding_data)
    is_valid_irk                             0x000207f1   Thumb Code    20  id_manager.o(i.is_valid_irk)
    main                                     0x00020e29   Thumb Code   266  main.o(i.main)
    measure_VDD_start                        0x00020fb9   Thumb Code    24  main.o(i.measure_VDD_start)
    measure_VDD_stop                         0x00020fd5   Thumb Code    18  main.o(i.measure_VDD_stop)
    new_connection                           0x00021085   Thumb Code    84  id_manager.o(i.new_connection)
    next_id_get                              0x000210dd   Thumb Code    48  peer_id.o(i.next_id_get)
    nrf_drv_common_irq_enable                0x0002110d   Thumb Code    56  nrf_drv_common.o(i.nrf_drv_common_irq_enable)
    nrf_drv_gpiote_in_event_enable           0x00021145   Thumb Code   150  nrf_drv_gpiote.o(i.nrf_drv_gpiote_in_event_enable)
    nrf_drv_gpiote_in_init                   0x000211e9   Thumb Code   170  nrf_drv_gpiote.o(i.nrf_drv_gpiote_in_init)
    nrf_drv_gpiote_in_is_set                 0x000212a1   Thumb Code    16  nrf_drv_gpiote.o(i.nrf_drv_gpiote_in_is_set)
    nrf_drv_gpiote_init                      0x000212b5   Thumb Code    76  nrf_drv_gpiote.o(i.nrf_drv_gpiote_init)
    nrf_drv_gpiote_is_init                   0x00021309   Thumb Code    14  nrf_drv_gpiote.o(i.nrf_drv_gpiote_is_init)
    nrf_drv_gpiote_out_init                  0x0002131d   Thumb Code   166  nrf_drv_gpiote.o(i.nrf_drv_gpiote_out_init)
    nrf_drv_gpiote_out_task_addr_get         0x000213d5   Thumb Code    16  nrf_drv_gpiote.o(i.nrf_drv_gpiote_out_task_addr_get)
    nrf_drv_gpiote_out_task_disable          0x000213e9   Thumb Code    28  nrf_drv_gpiote.o(i.nrf_drv_gpiote_out_task_disable)
    nrf_drv_gpiote_out_task_enable           0x0002140d   Thumb Code    44  nrf_drv_gpiote.o(i.nrf_drv_gpiote_out_task_enable)
    nrf_drv_gpiote_out_task_force            0x00021441   Thumb Code    32  nrf_drv_gpiote.o(i.nrf_drv_gpiote_out_task_force)
    nrf_drv_gpiote_out_uninit                0x00021469   Thumb Code    60  nrf_drv_gpiote.o(i.nrf_drv_gpiote_out_uninit)
    nrf_drv_ppi_channel_alloc                0x000214ad   Thumb Code   100  nrf_drv_ppi.o(i.nrf_drv_ppi_channel_alloc)
    nrf_drv_ppi_channel_assign               0x00021519   Thumb Code    56  nrf_drv_ppi.o(i.nrf_drv_ppi_channel_assign)
    nrf_drv_ppi_channel_disable              0x00021555   Thumb Code    46  nrf_drv_ppi.o(i.nrf_drv_ppi_channel_disable)
    nrf_drv_ppi_channel_enable               0x00021589   Thumb Code    46  nrf_drv_ppi.o(i.nrf_drv_ppi_channel_enable)
    nrf_drv_ppi_channel_free                 0x000215bd   Thumb Code    54  nrf_drv_ppi.o(i.nrf_drv_ppi_channel_free)
    nrf_drv_ppi_channels_include_in_group    0x000215fd   Thumb Code    78  nrf_drv_ppi.o(i.nrf_drv_ppi_channels_include_in_group)
    nrf_drv_ppi_channels_remove_from_group   0x00021651   Thumb Code    78  nrf_drv_ppi.o(i.nrf_drv_ppi_channels_remove_from_group)
    nrf_drv_ppi_group_alloc                  0x000216a5   Thumb Code   100  nrf_drv_ppi.o(i.nrf_drv_ppi_group_alloc)
    nrf_drv_ppi_group_enable                 0x0002170d   Thumb Code    38  nrf_drv_ppi.o(i.nrf_drv_ppi_group_enable)
    nrf_drv_ppi_group_free                   0x00021739   Thumb Code    70  nrf_drv_ppi.o(i.nrf_drv_ppi_group_free)
    nrf_drv_ppi_init                         0x00021789   Thumb Code    18  nrf_drv_ppi.o(i.nrf_drv_ppi_init)
    nrf_drv_saadc_buffer_convert             0x000217a1   Thumb Code   130  nrf_drv_saadc.o(i.nrf_drv_saadc_buffer_convert)
    nrf_drv_saadc_channel_init               0x00021835   Thumb Code    68  nrf_drv_saadc.o(i.nrf_drv_saadc_channel_init)
    nrf_drv_saadc_channel_uninit             0x0002187d   Thumb Code    66  nrf_drv_saadc.o(i.nrf_drv_saadc_channel_uninit)
    nrf_drv_saadc_init                       0x000218c5   Thumb Code    94  nrf_drv_saadc.o(i.nrf_drv_saadc_init)
    nrf_drv_saadc_limits_set                 0x00021939   Thumb Code   120  nrf_drv_saadc.o(i.nrf_drv_saadc_limits_set)
    nrf_drv_saadc_sample                     0x000219b9   Thumb Code    22  nrf_drv_saadc.o(i.nrf_drv_saadc_sample)
    nrf_drv_saadc_uninit                     0x000219d9   Thumb Code   102  nrf_drv_saadc.o(i.nrf_drv_saadc_uninit)
    nrf_drv_timer_clear                      0x00021a5b   Thumb Code     8  nrf_drv_timer.o(i.nrf_drv_timer_clear)
    nrf_drv_timer_compare                    0x00021a63   Thumb Code    34  nrf_drv_timer.o(i.nrf_drv_timer_compare)
    nrf_drv_timer_compare_int_disable        0x00021a95   Thumb Code    14  nrf_drv_timer.o(i.nrf_drv_timer_compare_int_disable)
    nrf_drv_timer_compare_int_enable         0x00021aa3   Thumb Code    32  nrf_drv_timer.o(i.nrf_drv_timer_compare_int_enable)
    nrf_drv_timer_disable                    0x00021ac5   Thumb Code    22  nrf_drv_timer.o(i.nrf_drv_timer_disable)
    nrf_drv_timer_enable                     0x00021ae1   Thumb Code    24  nrf_drv_timer.o(i.nrf_drv_timer_enable)
    nrf_drv_timer_extended_compare           0x00021afd   Thumb Code    42  nrf_drv_timer.o(i.nrf_drv_timer_extended_compare)
    nrf_drv_timer_init                       0x00021b29   Thumb Code   150  nrf_drv_timer.o(i.nrf_drv_timer_init)
    nrf_drv_timer_uninit                     0x00021bc9   Thumb Code    74  nrf_drv_timer.o(i.nrf_drv_timer_uninit)
    nrf_saadc_channel_init                   0x00021cb1   Thumb Code    90  nrf_saadc.o(i.nrf_saadc_channel_init)
    pdb_next_peer_id_get                     0x00022701   Thumb Code    16  peer_database.o(i.pdb_next_peer_id_get)
    pdb_peer_allocate                        0x00022715   Thumb Code    16  peer_database.o(i.pdb_peer_allocate)
    pdb_peer_free                            0x00022729   Thumb Code    78  peer_database.o(i.pdb_peer_free)
    pdb_raw_read                             0x0002277d   Thumb Code    16  peer_database.o(i.pdb_raw_read)
    pdb_raw_store                            0x00022791   Thumb Code    30  peer_database.o(i.pdb_raw_store)
    pdb_read_buf_get                         0x000227b5   Thumb Code    20  peer_database.o(i.pdb_read_buf_get)
    pdb_register                             0x000227cd   Thumb Code   116  peer_database.o(i.pdb_register)
    pdb_write_buf_get                        0x0002284d   Thumb Code   278  peer_database.o(i.pdb_write_buf_get)
    pdb_write_buf_release                    0x00022969   Thumb Code    50  peer_database.o(i.pdb_write_buf_release)
    pdb_write_buf_store                      0x000229a1   Thumb Code   206  peer_database.o(i.pdb_write_buf_store)
    pdb_write_buf_store_prepare              0x00022a75   Thumb Code   114  peer_database.o(i.pdb_write_buf_store_prepare)
    pds_next_peer_id_get                     0x00022c45   Thumb Code    36  peer_data_storage.o(i.pds_next_peer_id_get)
    pds_peer_data_read                       0x00022c6d   Thumb Code    98  peer_data_storage.o(i.pds_peer_data_read)
    pds_peer_data_read_ptr_get               0x00022cd1   Thumb Code   156  peer_data_storage.o(i.pds_peer_data_read_ptr_get)
    pds_peer_data_update                     0x00022d71   Thumb Code   160  peer_data_storage.o(i.pds_peer_data_update)
    pds_peer_data_write                      0x00022e15   Thumb Code   150  peer_data_storage.o(i.pds_peer_data_write)
    pds_peer_data_write_prepare              0x00022eb1   Thumb Code    82  peer_data_storage.o(i.pds_peer_data_write_prepare)
    pds_peer_data_write_prepare_cancel       0x00022f09   Thumb Code    38  peer_data_storage.o(i.pds_peer_data_write_prepare_cancel)
    pds_peer_data_write_prepared             0x00022f35   Thumb Code   150  peer_data_storage.o(i.pds_peer_data_write_prepared)
    pds_peer_id_allocate                     0x00022fd1   Thumb Code    36  peer_data_storage.o(i.pds_peer_id_allocate)
    pds_peer_id_free                         0x00022ff9   Thumb Code    44  peer_data_storage.o(i.pds_peer_id_free)
    pds_peer_id_is_allocated                 0x00023029   Thumb Code    32  peer_data_storage.o(i.pds_peer_id_is_allocated)
    pds_register                             0x0002304d   Thumb Code    74  peer_data_storage.o(i.pds_register)
    peer_data_deserialize                    0x0002313b   Thumb Code    48  peer_data.o(i.peer_data_deserialize)
    peer_data_parts_get                      0x0002316b   Thumb Code    26  peer_data.o(i.peer_data_parts_get)
    peer_id_allocate                         0x000231a1   Thumb Code     6  peer_id.o(i.peer_id_allocate)
    peer_id_delete                           0x000231ad   Thumb Code    32  peer_id.o(i.peer_id_delete)
    peer_id_free                             0x000231d1   Thumb Code    24  peer_id.o(i.peer_id_free)
    peer_id_get_next_deleted                 0x000231ed   Thumb Code     6  peer_id.o(i.peer_id_get_next_deleted)
    peer_id_get_next_used                    0x000231f9   Thumb Code     6  peer_id.o(i.peer_id_get_next_used)
    peer_id_init                             0x00023205   Thumb Code    36  peer_id.o(i.peer_id_init)
    peer_id_is_allocated                     0x0002322d   Thumb Code    16  peer_id.o(i.peer_id_is_allocated)
    pm_buffer_block_acquire                  0x0002335d   Thumb Code    92  pm_buffer.o(i.pm_buffer_block_acquire)
    pm_buffer_init                           0x000233b9   Thumb Code    64  pm_buffer.o(i.pm_buffer_init)
    pm_buffer_ptr_get                        0x000233f9   Thumb Code    40  pm_buffer.o(i.pm_buffer_ptr_get)
    pm_buffer_release                        0x00023421   Thumb Code    46  pm_buffer.o(i.pm_buffer_release)
    pm_conn_sec_config_reply                 0x0002344f   Thumb Code     4  peer_manager.o(i.pm_conn_sec_config_reply)
    pm_conn_secure                           0x00023455   Thumb Code    16  peer_manager.o(i.pm_conn_secure)
    pm_init                                  0x000234e9   Thumb Code   110  peer_manager.o(i.pm_init)
    pm_local_database_has_changed            0x0002356d   Thumb Code    14  peer_manager.o(i.pm_local_database_has_changed)
    pm_mutex_init                            0x00023581   Thumb Code    14  pm_mutex.o(i.pm_mutex_init)
    pm_mutex_lock                            0x0002358f   Thumb Code    26  pm_mutex.o(i.pm_mutex_lock)
    pm_mutex_lock_first_available            0x000235a9   Thumb Code    54  pm_mutex.o(i.pm_mutex_lock_first_available)
    pm_mutex_lock_status_get                 0x000235df   Thumb Code    24  pm_mutex.o(i.pm_mutex_lock_status_get)
    pm_mutex_unlock                          0x000235f7   Thumb Code    58  pm_mutex.o(i.pm_mutex_unlock)
    pm_on_ble_evt                            0x00023631   Thumb Code    36  peer_manager.o(i.pm_on_ble_evt)
    pm_peer_delete                           0x00023659   Thumb Code    16  peer_manager.o(i.pm_peer_delete)
    pm_peer_rank_highest                     0x0002366d   Thumb Code   186  peer_manager.o(i.pm_peer_rank_highest)
    pm_peer_ranks_get                        0x00023731   Thumb Code   178  peer_manager.o(i.pm_peer_ranks_get)
    pm_peers_delete                          0x000237ed   Thumb Code    54  peer_manager.o(i.pm_peers_delete)
    pm_register                              0x00023829   Thumb Code    38  peer_manager.o(i.pm_register)
    pm_sec_params_set                        0x00023855   Thumb Code    26  peer_manager.o(i.pm_sec_params_set)
    pstorage_access_status_get               0x00023875   Thumb Code    28  pstorage.o(i.pstorage_access_status_get)
    pwm_ready_callback                       0x00023951   Thumb Code     8  buzzer_pwm.o(i.pwm_ready_callback)
    pwm_ready_tick                           0x0002395d   Thumb Code    82  app_pwm.o(i.pwm_ready_tick)
    saadc_event_handler                      0x000241c1   Thumb Code   178  main.o(i.saadc_event_handler)
    sd_check_ram_start                       0x0002427d   Thumb Code    10  softdevice_handler.o(i.sd_check_ram_start)
    sdk_mapped_flags_bulk_update_by_key      0x00024315   Thumb Code    68  sdk_mapped_flags.o(i.sdk_mapped_flags_bulk_update_by_key)
    sdk_mapped_flags_first_key_index_get     0x00024359   Thumb Code    34  sdk_mapped_flags.o(i.sdk_mapped_flags_first_key_index_get)
    sdk_mapped_flags_get_by_key              0x0002438b   Thumb Code    38  sdk_mapped_flags.o(i.sdk_mapped_flags_get_by_key)
    sdk_mapped_flags_key_list_get            0x000243b1   Thumb Code    74  sdk_mapped_flags.o(i.sdk_mapped_flags_key_list_get)
    sdk_mapped_flags_update_by_key           0x000243fb   Thumb Code    14  sdk_mapped_flags.o(i.sdk_mapped_flags_update_by_key)
    sm_ble_evt_handler                       0x000248a1   Thumb Code    26  security_manager.o(i.sm_ble_evt_handler)
    sm_conn_sec_config_reply                 0x000248c1   Thumb Code    18  security_manager.o(i.sm_conn_sec_config_reply)
    sm_link_secure                           0x00024a39   Thumb Code    20  security_manager.o(i.sm_link_secure)
    sm_register                              0x00024a51   Thumb Code   132  security_manager.o(i.sm_register)
    sm_sec_params_set                        0x00024ae1   Thumb Code    50  security_manager.o(i.sm_sec_params_set)
    smd_ble_evt_handler                      0x00024b19   Thumb Code   226  security_dispatcher.o(i.smd_ble_evt_handler)
    smd_link_secure                          0x00024c89   Thumb Code    66  security_dispatcher.o(i.smd_link_secure)
    smd_params_reply                         0x00024cd1   Thumb Code   276  security_dispatcher.o(i.smd_params_reply)
    smd_register                             0x00024e75   Thumb Code    88  security_dispatcher.o(i.smd_register)
    softdevice_ble_evt_handler_set           0x00024ed5   Thumb Code    14  softdevice_handler.o(i.softdevice_ble_evt_handler_set)
    softdevice_enable                        0x00024ee9   Thumb Code    14  softdevice_handler.o(i.softdevice_enable)
    softdevice_enable_get_default_config     0x00024efd   Thumb Code    38  softdevice_handler.o(i.softdevice_enable_get_default_config)
    softdevice_fault_handler                 0x00024f23   Thumb Code     4  softdevice_handler.o(i.softdevice_fault_handler)
    softdevice_handler_init                  0x00024f29   Thumb Code    42  softdevice_handler.o(i.softdevice_handler_init)
    softdevice_sys_evt_handler_set           0x00024f5d   Thumb Code    14  softdevice_handler.o(i.softdevice_sys_evt_handler_set)
    m_pwm_PWM1_timer                         0x000258e0   Data           8  buzzer_pwm.o(.constdata)
    PWM1                                     0x000258e8   Data           8  buzzer_pwm.o(.constdata)
    Region$$Table$$Base                      0x000259c8   Number         0  anon$$obj.o(Region$$Table)
    Region$$Table$$Limit                     0x000259e8   Number         0  anon$$obj.o(Region$$Table)
    Image$$RW_IRAM1$$Base                    0x20002080   Number         0  anon$$obj.o ABSOLUTE
    first_init                               0x20002081   Data           1  main.o(.data)
    key0_cnt                                 0x20002084   Data           2  main.o(.data)
    button_event                             0x2000209c   Data           1  bsp.o(.data)
    bt_on_pattern_cnt                        0x2000209d   Data           1  bsp.o(.data)
    bt_off_pattern_cnt                       0x2000209e   Data           1  bsp.o(.data)
    batt_over_pattern_cnt                    0x2000209f   Data           1  bsp.o(.data)
    batt_under_pattern_cnt                   0x200020a0   Data           1  bsp.o(.data)
    alert_pattern_cnt                        0x200020a1   Data           1  bsp.o(.data)
    pressing_cnt                             0x200020a6   Data           2  bsp.o(.data)
    batt_mV                                  0x200020a8   Data           2  bsp.o(.data)
    batt_cnt_max                             0x200020aa   Data           2  bsp.o(.data)
    batt_cnt                                 0x200020ac   Data           2  bsp.o(.data)
    alert_pattern_timeout                    0x200020ae   Data           2  bsp.o(.data)
    alert_pattern_timeout_cnt                0x200020b0   Data           2  bsp.o(.data)
    alert_pattern                            0x200020b5   Data           4  bsp.o(.data)
    batt_over_pattern                        0x200020cc   Data           6  bsp.o(.data)
    bt_on_pattern                            0x200020d2   Data          21  bsp.o(.data)
    bt_off_pattern                           0x200020e7   Data          21  bsp.o(.data)
    batt_under_pattern                       0x200020fc   Data          30  bsp.o(.data)
    m_pwm_ready_counter                      0x20002286   Data           6  app_pwm.o(.data)
    SystemCoreClock                          0x2000228c   Data           4  system_nrf52.o(.data)
    fs_data$$Base                            0x20002290   Number         0  fds.o(fs_data)
    fs_data$$Limit                           0x200022a0   Number         0  fds.o(fs_data)
    m_pwm_PWM1_cb                            0x2000276c   Data          36  buzzer_pwm.o(.bss)
    nrf_nvic_state                           0x200027f0   Data          12  softdevice_handler.o(.bss)
    __initial_sp                             0x200053a8   Data           0  arm_startup_nrf52.o(STACK)



==============================================================================

Memory Map of the image

  Image Entry point : 0x0001c401

  Load Region LR_IROM1 (Base: 0x0001c000, Size: 0x00009c08, Max: 0x00064000, ABSOLUTE, COMPRESSED[0x00009a3c])

    Execution Region ER_IROM1 (Base: 0x0001c000, Size: 0x000099e8, Max: 0x00064000, ABSOLUTE)

    Base Addr    Size         Type   Attr      Idx    E Section Name        Object

    0x0001c000   0x00000400   Data   RO         5521    RESET               arm_startup_nrf52.o
    0x0001c400   0x00000000   Code   RO         5562  * .ARM.Collect$$$$00000000  mc_w.l(entry.o)
    0x0001c400   0x00000004   Code   RO         5577    .ARM.Collect$$$$00000001  mc_w.l(entry2.o)
    0x0001c404   0x00000004   Code   RO         5580    .ARM.Collect$$$$00000004  mc_w.l(entry5.o)
    0x0001c408   0x00000000   Code   RO         5582    .ARM.Collect$$$$00000008  mc_w.l(entry7b.o)
    0x0001c408   0x00000000   Code   RO         5584    .ARM.Collect$$$$0000000A  mc_w.l(entry8b.o)
    0x0001c408   0x00000008   Code   RO         5585    .ARM.Collect$$$$0000000B  mc_w.l(entry9a.o)
    0x0001c410   0x00000000   Code   RO         5587    .ARM.Collect$$$$0000000D  mc_w.l(entry10a.o)
    0x0001c410   0x00000000   Code   RO         5589    .ARM.Collect$$$$0000000F  mc_w.l(entry11a.o)
    0x0001c410   0x00000004   Code   RO         5578    .ARM.Collect$$$$00002712  mc_w.l(entry2.o)
    0x0001c414   0x00000076   Code   RO         4529    .emb_text           app_timer.o
    0x0001c48a   0x00000002   PAD
    0x0001c48c   0x00000024   Code   RO         5522    .text               arm_startup_nrf52.o
    0x0001c4b0   0x00000024   Code   RO         5565    .text               mc_w.l(memcpya.o)
    0x0001c4d4   0x00000024   Code   RO         5567    .text               mc_w.l(memseta.o)
    0x0001c4f8   0x0000001a   Code   RO         5571    .text               mc_w.l(memcmp.o)
    0x0001c512   0x00000002   PAD
    0x0001c514   0x00000024   Code   RO         5591    .text               mc_w.l(init.o)
    0x0001c538   0x00000056   Code   RO         5601    .text               mc_w.l(__dczerorl2.o)
    0x0001c58e   0x00000002   PAD
    0x0001c590   0x00000148   Code   RO         3257    i.GPIOTE_IRQHandler  nrf_drv_gpiote.o
    0x0001c6d8   0x00000016   Code   RO         4530    i.NVIC_ClearPendingIRQ  app_timer.o
    0x0001c6ee   0x00000016   Code   RO         4531    i.NVIC_EnableIRQ    app_timer.o
    0x0001c704   0x00000016   Code   RO         4532    i.NVIC_SetPendingIRQ  app_timer.o
    0x0001c71a   0x00000020   Code   RO         4533    i.NVIC_SetPriority  app_timer.o
    0x0001c73a   0x00000002   PAD
    0x0001c73c   0x00000024   Code   RO         4534    i.RTC1_IRQHandler   app_timer.o
    0x0001c760   0x000000bc   Code   RO         3142    i.SAADC_IRQHandler  nrf_drv_saadc.o
    0x0001c81c   0x00000004   Code   RO         4535    i.SWI0_EGU0_IRQHandler  app_timer.o
    0x0001c820   0x00000024   Code   RO          738    i.SWI2_EGU2_IRQHandler  softdevice_handler.o
    0x0001c844   0x0000026c   Code   RO         5530    i.SystemInit        system_nrf52.o
    0x0001cab0   0x00000014   Code   RO         3710    i.TIMER0_IRQHandler  nrf_drv_timer.o
    0x0001cac4   0x00000014   Code   RO         3711    i.TIMER1_IRQHandler  nrf_drv_timer.o
    0x0001cad8   0x00000014   Code   RO         3712    i.TIMER2_IRQHandler  nrf_drv_timer.o
    0x0001caec   0x00000014   Code   RO         3516    i.UARTE0_UART0_IRQHandler  nrf_drv_uart.o
    0x0001cb00   0x0000000e   Code   RO         5595    i.__scatterload_copy  mc_w.l(handlers.o)
    0x0001cb0e   0x00000002   Code   RO         5596    i.__scatterload_null  mc_w.l(handlers.o)
    0x0001cb10   0x0000000e   Code   RO         5597    i.__scatterload_zeroinit  mc_w.l(handlers.o)
    0x0001cb1e   0x00000002   PAD
    0x0001cb20   0x00000060   Code   RO            4    i.adc_configure     main.o
    0x0001cb80   0x00000022   Code   RO         1918    i.addr_compare      id_manager.o
    0x0001cba2   0x00000202   Code   RO          958    i.adv_data_encode   ble_advdata.o
    0x0001cda4   0x00000036   Code   RO          671    i.advertising_buttons_configure  bsp_btn_ble.o
    0x0001cdda   0x00000016   Code   RO            5    i.advertising_start  main.o
    0x0001cdf0   0x00000052   Code   RO         1919    i.ah                id_manager.o
    0x0001ce42   0x0000009a   Code   RO         1451    i.alert_level_char_add  ble_ias.o
    0x0001cedc   0x0000008c   Code   RO         1551    i.alert_level_char_add  ble_lls.o
    0x0001cf68   0x00000028   Code   RO            6    i.alert_signal      main.o
    0x0001cf90   0x00000054   Code   RO          547    i.alert_timer_handler  bsp.o
    0x0001cfe4   0x00000024   Code   RO         4400    i.app_button_enable  app_button.o
    0x0001d008   0x00000070   Code   RO         4401    i.app_button_init   app_button.o
    0x0001d078   0x00000024   Code   RO         4501    i.app_error_fault_handler  app_error_weak.o
    0x0001d09c   0x00000016   Code   RO         4462    i.app_error_handler_bare  app_error.o
    0x0001d0b2   0x00000002   PAD
    0x0001d0b4   0x0000003c   Code   RO         5366    i.app_pwm_busy_check  app_pwm.o
    0x0001d0f0   0x00000014   Code   RO         5368    i.app_pwm_channel_duty_set  app_pwm.o
    0x0001d104   0x000000bc   Code   RO         5370    i.app_pwm_channel_duty_ticks_set  app_pwm.o
    0x0001d1c0   0x000000ec   Code   RO         5371    i.app_pwm_channel_init  app_pwm.o
    0x0001d2ac   0x00000080   Code   RO         5373    i.app_pwm_disable   app_pwm.o
    0x0001d32c   0x00000078   Code   RO         5374    i.app_pwm_enable    app_pwm.o
    0x0001d3a4   0x000001ac   Code   RO         5375    i.app_pwm_init      app_pwm.o
    0x0001d550   0x00000024   Code   RO         4538    i.app_timer_create  app_timer.o
    0x0001d574   0x00000090   Code   RO         4539    i.app_timer_init    app_timer.o
    0x0001d604   0x00000080   Code   RO         4540    i.app_timer_start   app_timer.o
    0x0001d684   0x00000050   Code   RO         4541    i.app_timer_stop    app_timer.o
    0x0001d6d4   0x00000048   Code   RO         4757    i.app_util_critical_region_enter  app_util_platform.o
    0x0001d71c   0x00000034   Code   RO         4758    i.app_util_critical_region_exit  app_util_platform.o
    0x0001d750   0x00000014   Code   RO         3840    i.are_app_channels  nrf_drv_ppi.o
    0x0001d764   0x000000a0   Code   RO         2825    i.auth_status_success_process  security_dispatcher.o
    0x0001d804   0x00000084   Code   RO            8    i.bas_init          main.o
    0x0001d888   0x0000014e   Code   RO         1297    i.battery_level_char_add  ble_bas.o
    0x0001d9d6   0x00000014   Code   RO            9    i.battery_level_meas_timeout_handler  main.o
    0x0001d9ea   0x00000060   Code   RO          959    i.ble_advdata_set   ble_advdata.o
    0x0001da4a   0x00000002   PAD
    0x0001da4c   0x0000011c   Code   RO          865    i.ble_advertising_init  ble_advertising.o
    0x0001db68   0x00000080   Code   RO          866    i.ble_advertising_on_ble_evt  ble_advertising.o
    0x0001dbe8   0x00000034   Code   RO          867    i.ble_advertising_on_sys_evt  ble_advertising.o
    0x0001dc1c   0x00000010   Code   RO          869    i.ble_advertising_peer_address_clear  ble_advertising.o
    0x0001dc2c   0x000001e0   Code   RO          871    i.ble_advertising_start  ble_advertising.o
    0x0001de0c   0x00000044   Code   RO         1299    i.ble_bas_init      ble_bas.o
    0x0001de50   0x00000058   Code   RO         1300    i.ble_bas_on_ble_evt  ble_bas.o
    0x0001dea8   0x00000058   Code   RO         1091    i.ble_conn_params_init  ble_conn_params.o
    0x0001df00   0x00000084   Code   RO         1092    i.ble_conn_params_on_ble_evt  ble_conn_params.o
    0x0001df84   0x00000010   Code   RO         1160    i.ble_conn_state_conn_handles  ble_conn_state.o
    0x0001df94   0x00000010   Code   RO         1161    i.ble_conn_state_encrypted  ble_conn_state.o
    0x0001dfa4   0x00000010   Code   RO         1163    i.ble_conn_state_mitm_protected  ble_conn_state.o
    0x0001dfb4   0x0000010c   Code   RO         1167    i.ble_conn_state_on_ble_evt  ble_conn_state.o
    0x0001e0c0   0x00000030   Code   RO         1169    i.ble_conn_state_role  ble_conn_state.o
    0x0001e0f0   0x0000002c   Code   RO         1171    i.ble_conn_state_user_flag_acquire  ble_conn_state.o
    0x0001e11c   0x00000018   Code   RO         1172    i.ble_conn_state_user_flag_collection  ble_conn_state.o
    0x0001e134   0x00000028   Code   RO         1173    i.ble_conn_state_user_flag_get  ble_conn_state.o
    0x0001e15c   0x0000002c   Code   RO         1174    i.ble_conn_state_user_flag_set  ble_conn_state.o
    0x0001e188   0x00000040   Code   RO         1342    i.ble_db_discovery_evt_register  ble_db_discovery.o
    0x0001e1c8   0x0000001c   Code   RO         1343    i.ble_db_discovery_init  ble_db_discovery.o
    0x0001e1e4   0x0000004c   Code   RO         1344    i.ble_db_discovery_on_ble_evt  ble_db_discovery.o
    0x0001e230   0x00000058   Code   RO         1345    i.ble_db_discovery_start  ble_db_discovery.o
    0x0001e288   0x0000005e   Code   RO          960    i.ble_device_addr_encode  ble_advdata.o
    0x0001e2e6   0x00000002   PAD
    0x0001e2e8   0x0000006c   Code   RO           10    i.ble_evt_dispatch  main.o
    0x0001e354   0x0000000e   Code   RO         1495    i.ble_ias_c_handles_assign  ble_ias_c.o
    0x0001e362   0x0000003a   Code   RO         1496    i.ble_ias_c_init    ble_ias_c.o
    0x0001e39c   0x0000000a   Code   RO         1497    i.ble_ias_c_is_discovered  ble_ias_c.o
    0x0001e3a6   0x0000002e   Code   RO         1498    i.ble_ias_c_on_ble_evt  ble_ias_c.o
    0x0001e3d4   0x00000078   Code   RO         1499    i.ble_ias_c_on_db_disc_evt  ble_ias_c.o
    0x0001e44c   0x0000003a   Code   RO         1500    i.ble_ias_c_send_alert_level  ble_ias_c.o
    0x0001e486   0x00000030   Code   RO         1453    i.ble_ias_init      ble_ias.o
    0x0001e4b6   0x00000036   Code   RO         1454    i.ble_ias_on_ble_evt  ble_ias.o
    0x0001e4ec   0x0000001c   Code   RO         1552    i.ble_lls_alert_level_get  ble_lls.o
    0x0001e508   0x0000003a   Code   RO         1553    i.ble_lls_init      ble_lls.o
    0x0001e542   0x00000058   Code   RO         1554    i.ble_lls_on_ble_evt  ble_lls.o
    0x0001e59a   0x0000000c   Code   RO         1044    i.ble_srv_report_ref_encode  ble_srv_common.o
    0x0001e5a6   0x00000002   PAD
    0x0001e5a8   0x00000080   Code   RO           11    i.ble_stack_init    main.o
    0x0001e628   0x0000002a   Code   RO         1595    i.ble_tps_init      ble_tps.o
    0x0001e652   0x0000000c   Code   RO         1596    i.ble_tps_on_ble_evt  ble_tps.o
    0x0001e65e   0x00000002   PAD
    0x0001e660   0x0000004c   Code   RO          672    i.bsp_btn_ble_init  bsp_btn_ble.o
    0x0001e6ac   0x00000070   Code   RO          673    i.bsp_btn_ble_on_ble_evt  bsp_btn_ble.o
    0x0001e71c   0x00000012   Code   RO          674    i.bsp_btn_ble_sleep_mode_prepare  bsp_btn_ble.o
    0x0001e72e   0x00000002   PAD
    0x0001e730   0x000000ac   Code   RO          548    i.bsp_button_event_handler  bsp.o
    0x0001e7dc   0x00000028   Code   RO          549    i.bsp_button_is_pressed  bsp.o
    0x0001e804   0x000000b8   Code   RO           12    i.bsp_event_handler  main.o
    0x0001e8bc   0x00000034   Code   RO          553    i.bsp_event_to_button_action_assign  bsp.o
    0x0001e8f0   0x0000001c   Code   RO          554    i.bsp_indication_set  bsp.o
    0x0001e90c   0x000000c8   Code   RO          556    i.bsp_init          bsp.o
    0x0001e9d4   0x000002f0   Code   RO          557    i.bsp_led_indication  bsp.o
    0x0001ecc4   0x0000002c   Code   RO          558    i.bsp_wakeup_buttons_set  bsp.o
    0x0001ecf0   0x00000008   Code   RO          559    i.button_timer_handler  bsp.o
    0x0001ecf8   0x00000034   Code   RO          433    i.buzzer_init       buzzer_pwm.o
    0x0001ed2c   0x0000001c   Code   RO          434    i.buzzer_off        buzzer_pwm.o
    0x0001ed48   0x00000038   Code   RO          435    i.buzzer_on         buzzer_pwm.o
    0x0001ed80   0x0000001c   Code   RO         3258    i.channel_free      nrf_drv_gpiote.o
    0x0001ed9c   0x00000048   Code   RO         3259    i.channel_port_alloc  nrf_drv_gpiote.o
    0x0001ede4   0x00000010   Code   RO         3260    i.channel_port_get  nrf_drv_gpiote.o
    0x0001edf4   0x00000042   Code   RO         1346    i.characteristics_discover  ble_db_discovery.o
    0x0001ee36   0x00000002   PAD
    0x0001ee38   0x00000020   Code   RO         5132    i.check_config      fstorage.o
    0x0001ee58   0x00000018   Code   RO         4823    i.chunk_queue_next  fds.o
    0x0001ee70   0x00000038   Code   RO         2415    i.claim             peer_id.o
    0x0001eea8   0x000000ac   Code   RO         4543    i.compare_reg_update  app_timer.o
    0x0001ef54   0x00000088   Code   RO          961    i.conn_int_encode   ble_advdata.o
    0x0001efdc   0x00000004   Code   RO           13    i.conn_params_error_handler  main.o
    0x0001efe0   0x0000005c   Code   RO         1094    i.conn_params_negotiation  ble_conn_params.o
    0x0001f03c   0x0000000c   Code   RO           14    i.db_disc_handler   main.o
    0x0001f048   0x0000009c   Code   RO         4824    i.delete_execute    fds.o
    0x0001f0e4   0x0000008c   Code   RO         1347    i.descriptors_discover  ble_db_discovery.o
    0x0001f170   0x00000060   Code   RO         4403    i.detection_delay_timeout_handler  app_button.o
    0x0001f1d0   0x000000a4   Code   RO         1348    i.discovery_complete_evt_trigger  ble_db_discovery.o
    0x0001f274   0x00000034   Code   RO         1349    i.discovery_error_evt_trigger  ble_db_discovery.o
    0x0001f2a8   0x00000040   Code   RO         4544    i.elapsed_ticks_acquire  app_timer.o
    0x0001f2e8   0x00000030   Code   RO         2826    i.encryption_failure  security_dispatcher.o
    0x0001f318   0x0000006a   Code   RO         4825    i.event_prepare     fds.o
    0x0001f382   0x00000002   PAD
    0x0001f384   0x00000020   Code   RO         4826    i.event_send        fds.o
    0x0001f3a4   0x00000034   Code   RO         2938    i.events_send_from_err_code  security_manager.o
    0x0001f3d8   0x00000024   Code   RO         1920    i.evt_send          id_manager.o
    0x0001f3fc   0x00000024   Code   RO         2505    i.evt_send          peer_manager.o
    0x0001f420   0x00000024   Code   RO         2827    i.evt_send          security_dispatcher.o
    0x0001f444   0x00000024   Code   RO         2939    i.evt_send          security_manager.o
    0x0001f468   0x00000012   Code   RO         4827    i.fds_descriptor_from_rec_id  fds.o
    0x0001f47a   0x00000002   PAD
    0x0001f47c   0x000000d0   Code   RO         2112    i.fds_evt_handler   peer_data_storage.o
    0x0001f54c   0x0000004c   Code   RO         4828    i.fds_file_delete   fds.o
    0x0001f598   0x00000044   Code   RO         4829    i.fds_gc            fds.o
    0x0001f5dc   0x0000008c   Code   RO         4830    i.fds_init          fds.o
    0x0001f668   0x0000003c   Code   RO         4831    i.fds_record_close  fds.o
    0x0001f6a4   0x0000000e   Code   RO         4833    i.fds_record_find   fds.o
    0x0001f6b2   0x00000010   Code   RO         4834    i.fds_record_find_by_key  fds.o
    0x0001f6c2   0x00000010   Code   RO         4835    i.fds_record_find_in_file  fds.o
    0x0001f6d2   0x00000010   Code   RO         4836    i.fds_record_id_from_desc  fds.o
    0x0001f6e2   0x00000002   PAD
    0x0001f6e4   0x00000040   Code   RO         4838    i.fds_record_open   fds.o
    0x0001f724   0x0000000e   Code   RO         4839    i.fds_record_update  fds.o
    0x0001f732   0x00000008   Code   RO         4840    i.fds_record_write  fds.o
    0x0001f73a   0x0000000c   Code   RO         4841    i.fds_record_write_reserved  fds.o
    0x0001f746   0x00000002   PAD
    0x0001f748   0x00000024   Code   RO         4842    i.fds_register      fds.o
    0x0001f76c   0x00000034   Code   RO         4843    i.fds_reserve       fds.o
    0x0001f7a0   0x00000044   Code   RO         4844    i.fds_reserve_cancel  fds.o
    0x0001f7e4   0x00000010   Code   RO         4846    i.flag_clear        fds.o
    0x0001f7f4   0x00000012   Code   RO         2828    i.flag_id_init      security_dispatcher.o
    0x0001f806   0x00000012   Code   RO         2940    i.flag_id_init      security_manager.o
    0x0001f818   0x00000010   Code   RO         4847    i.flag_set          fds.o
    0x0001f828   0x00000058   Code   RO         2941    i.flags_set_from_err_code  security_manager.o
    0x0001f880   0x00000070   Code   RO         5133    i.fs_erase          fstorage.o
    0x0001f8f0   0x00000006   Code   RO         4848    i.fs_event_handler  fds.o
    0x0001f8f6   0x00000002   PAD
    0x0001f8f8   0x00000088   Code   RO         5134    i.fs_init           fstorage.o
    0x0001f980   0x00000014   Code   RO         5135    i.fs_queued_op_count_get  fstorage.o
    0x0001f994   0x00000078   Code   RO         5136    i.fs_store          fstorage.o
    0x0001fa0c   0x00000068   Code   RO         5137    i.fs_sys_event_handler  fstorage.o
    0x0001fa74   0x00000074   Code   RO           15    i.gap_params_init   main.o
    0x0001fae8   0x00000070   Code   RO         4849    i.gc_execute        fds.o
    0x0001fb58   0x00000048   Code   RO         4850    i.gc_next_page      fds.o
    0x0001fba0   0x00000048   Code   RO         4851    i.gc_page_erase     fds.o
    0x0001fbe8   0x00000030   Code   RO         4852    i.gc_record_copy    fds.o
    0x0001fc18   0x00000024   Code   RO         4853    i.gc_record_find_next  fds.o
    0x0001fc3c   0x00000080   Code   RO         4854    i.gc_state_advance  fds.o
    0x0001fcbc   0x00000002   Code   RO         1639    i.gccm_evt_handler  gatt_cache_manager.o
    0x0001fcbe   0x00000002   PAD
    0x0001fcc0   0x00000024   Code   RO         1788    i.gccm_init         gattc_cache_manager.o
    0x0001fce4   0x000000e8   Code   RO         1640    i.gcm_ble_evt_handler  gatt_cache_manager.o
    0x0001fdcc   0x00000088   Code   RO         2506    i.gcm_evt_handler   peer_manager.o
    0x0001fe54   0x00000088   Code   RO         1641    i.gcm_init          gatt_cache_manager.o
    0x0001fedc   0x00000054   Code   RO         1642    i.gcm_local_database_has_changed  gatt_cache_manager.o
    0x0001ff30   0x00000034   Code   RO         1921    i.get_connection_by_conn_handle  id_manager.o
    0x0001ff64   0x00000030   Code   RO         1922    i.get_free_connection  id_manager.o
    0x0001ff94   0x00000058   Code   RO         4404    i.gpiote_event_handler  app_button.o
    0x0001ffec   0x00000028   Code   RO         1831    i.gscm_db_change_notification_done  gatts_cache_manager.o
    0x00020014   0x00000068   Code   RO         1648    i.gscm_evt_handler  gatt_cache_manager.o
    0x0002007c   0x0000002c   Code   RO         1832    i.gscm_init         gatts_cache_manager.o
    0x000200a8   0x00000024   Code   RO         1833    i.gscm_local_database_has_changed  gatts_cache_manager.o
    0x000200cc   0x00000080   Code   RO         1834    i.gscm_local_db_cache_apply  gatts_cache_manager.o
    0x0002014c   0x00000090   Code   RO         1837    i.gscm_local_db_cache_update  gatts_cache_manager.o
    0x000201dc   0x0000001a   Code   RO         1838    i.gscm_service_changed_ind_needed  gatts_cache_manager.o
    0x000201f6   0x00000002   PAD
    0x000201f8   0x0000002c   Code   RO         1839    i.gscm_service_changed_ind_send  gatts_cache_manager.o
    0x00020224   0x00000016   Code   RO         4855    i.header_is_valid   fds.o
    0x0002023a   0x00000042   Code   RO         1923    i.im_address_resolve  id_manager.o
    0x0002027c   0x00000040   Code   RO         1924    i.im_ble_addr_get   id_manager.o
    0x000202bc   0x000000b8   Code   RO         1925    i.im_ble_evt_handler  id_manager.o
    0x00020374   0x00000030   Code   RO         1926    i.im_conn_handle_get  id_manager.o
    0x000203a4   0x00000030   Code   RO         1649    i.im_evt_handler    gatt_cache_manager.o
    0x000203d4   0x00000050   Code   RO         2507    i.im_evt_handler    peer_manager.o
    0x00020424   0x00000018   Code   RO         1927    i.im_master_id_is_valid  id_manager.o
    0x0002043c   0x0000002a   Code   RO         1928    i.im_master_ids_compare  id_manager.o
    0x00020466   0x00000004   Code   RO         1929    i.im_new_peer_id    id_manager.o
    0x0002046a   0x00000002   PAD
    0x0002046c   0x00000038   Code   RO         1930    i.im_peer_free      id_manager.o
    0x000204a4   0x00000028   Code   RO         1931    i.im_peer_id_get_by_conn_handle  id_manager.o
    0x000204cc   0x00000044   Code   RO         1933    i.im_peer_id_get_by_master_id  id_manager.o
    0x00020510   0x00000078   Code   RO         1934    i.im_register       id_manager.o
    0x00020588   0x000000c0   Code   RO         4856    i.init_execute      fds.o
    0x00020648   0x00000070   Code   RO          739    i.intern_softdevice_events_execute  softdevice_handler.o
    0x000206b8   0x0000003e   Code   RO         3713    i.irq_handler       nrf_drv_timer.o
    0x000206f6   0x00000002   PAD
    0x000206f8   0x00000018   Code   RO         3841    i.is_allocated_channel  nrf_drv_ppi.o
    0x00020710   0x00000018   Code   RO         3842    i.is_allocated_group  nrf_drv_ppi.o
    0x00020728   0x0000000a   Code   RO         3843    i.is_app_channel    nrf_drv_ppi.o
    0x00020732   0x0000000e   Code   RO         3844    i.is_app_group      nrf_drv_ppi.o
    0x00020740   0x0000001c   Code   RO         1095    i.is_conn_params_ok  ble_conn_params.o
    0x0002075c   0x0000004a   Code   RO         1350    i.is_desc_discovery_reqd  ble_db_discovery.o
    0x000207a6   0x00000030   Code   RO         1937    i.is_duplicate_bonding_data  id_manager.o
    0x000207d6   0x00000002   PAD
    0x000207d8   0x00000018   Code   RO         3845    i.is_programmable_app_channel  nrf_drv_ppi.o
    0x000207f0   0x00000014   Code   RO         1938    i.is_valid_irk      id_manager.o
    0x00020804   0x0000000c   Code   RO         4857    i.is_word_aligned   fds.o
    0x00020810   0x00000054   Code   RO          962    i.le_role_encode    ble_advdata.o
    0x00020864   0x00000018   Code   RO          560    i.leds_timer_handler  bsp.o
    0x0002087c   0x00000094   Code   RO         2942    i.link_secure       security_manager.o
    0x00020910   0x00000086   Code   RO         2829    i.link_secure_central  security_dispatcher.o
    0x00020996   0x000000ca   Code   RO         2830    i.link_secure_central_existing_peer  security_dispatcher.o
    0x00020a60   0x0000006c   Code   RO         2831    i.link_secure_central_new_peer  security_dispatcher.o
    0x00020acc   0x00000058   Code   RO         2832    i.link_secure_failure  security_dispatcher.o
    0x00020b24   0x0000005c   Code   RO         2943    i.link_secure_pending_process  security_manager.o
    0x00020b80   0x000000bc   Code   RO         4545    i.list_deletions_handler  app_timer.o
    0x00020c3c   0x000000cc   Code   RO         4546    i.list_insertions_handler  app_timer.o
    0x00020d08   0x00000074   Code   RO         1650    i.local_db_apply_in_evt  gatt_cache_manager.o
    0x00020d7c   0x00000078   Code   RO         1651    i.local_db_update_in_evt  gatt_cache_manager.o
    0x00020df4   0x00000032   Code   RO         2772    i.lock_by_mask      pm_mutex.o
    0x00020e26   0x00000002   PAD
    0x00020e28   0x0000012c   Code   RO           16    i.main              main.o
    0x00020f54   0x00000064   Code   RO          963    i.manuf_specific_data_encode  ble_advdata.o
    0x00020fb8   0x0000001c   Code   RO           17    i.measure_VDD_start  main.o
    0x00020fd4   0x00000012   Code   RO           18    i.measure_VDD_stop  main.o
    0x00020fe6   0x0000009c   Code   RO          964    i.name_encode       ble_advdata.o
    0x00021082   0x00000002   PAD
    0x00021084   0x00000058   Code   RO         1939    i.new_connection    id_manager.o
    0x000210dc   0x00000030   Code   RO         2416    i.next_id_get       peer_id.o
    0x0002110c   0x00000038   Code   RO         3488    i.nrf_drv_common_irq_enable  nrf_drv_common.o
    0x00021144   0x000000a4   Code   RO         3263    i.nrf_drv_gpiote_in_event_enable  nrf_drv_gpiote.o
    0x000211e8   0x000000b8   Code   RO         3264    i.nrf_drv_gpiote_in_init  nrf_drv_gpiote.o
    0x000212a0   0x00000014   Code   RO         3265    i.nrf_drv_gpiote_in_is_set  nrf_drv_gpiote.o
    0x000212b4   0x00000054   Code   RO         3267    i.nrf_drv_gpiote_init  nrf_drv_gpiote.o
    0x00021308   0x00000014   Code   RO         3268    i.nrf_drv_gpiote_is_init  nrf_drv_gpiote.o
    0x0002131c   0x000000b8   Code   RO         3270    i.nrf_drv_gpiote_out_init  nrf_drv_gpiote.o
    0x000213d4   0x00000014   Code   RO         3272    i.nrf_drv_gpiote_out_task_addr_get  nrf_drv_gpiote.o
    0x000213e8   0x00000024   Code   RO         3273    i.nrf_drv_gpiote_out_task_disable  nrf_drv_gpiote.o
    0x0002140c   0x00000034   Code   RO         3274    i.nrf_drv_gpiote_out_task_enable  nrf_drv_gpiote.o
    0x00021440   0x00000028   Code   RO         3275    i.nrf_drv_gpiote_out_task_force  nrf_drv_gpiote.o
    0x00021468   0x00000044   Code   RO         3278    i.nrf_drv_gpiote_out_uninit  nrf_drv_gpiote.o
    0x000214ac   0x0000006c   Code   RO         3846    i.nrf_drv_ppi_channel_alloc  nrf_drv_ppi.o
    0x00021518   0x0000003c   Code   RO         3847    i.nrf_drv_ppi_channel_assign  nrf_drv_ppi.o
    0x00021554   0x00000034   Code   RO         3848    i.nrf_drv_ppi_channel_disable  nrf_drv_ppi.o
    0x00021588   0x00000034   Code   RO         3849    i.nrf_drv_ppi_channel_enable  nrf_drv_ppi.o
    0x000215bc   0x00000040   Code   RO         3851    i.nrf_drv_ppi_channel_free  nrf_drv_ppi.o
    0x000215fc   0x00000054   Code   RO         3852    i.nrf_drv_ppi_channels_include_in_group  nrf_drv_ppi.o
    0x00021650   0x00000054   Code   RO         3853    i.nrf_drv_ppi_channels_remove_from_group  nrf_drv_ppi.o
    0x000216a4   0x00000068   Code   RO         3854    i.nrf_drv_ppi_group_alloc  nrf_drv_ppi.o
    0x0002170c   0x0000002c   Code   RO         3856    i.nrf_drv_ppi_group_enable  nrf_drv_ppi.o
    0x00021738   0x00000050   Code   RO         3857    i.nrf_drv_ppi_group_free  nrf_drv_ppi.o
    0x00021788   0x00000018   Code   RO         3858    i.nrf_drv_ppi_init  nrf_drv_ppi.o
    0x000217a0   0x00000094   Code   RO         3144    i.nrf_drv_saadc_buffer_convert  nrf_drv_saadc.o
    0x00021834   0x00000048   Code   RO         3145    i.nrf_drv_saadc_channel_init  nrf_drv_saadc.o
    0x0002187c   0x00000048   Code   RO         3146    i.nrf_drv_saadc_channel_uninit  nrf_drv_saadc.o
    0x000218c4   0x00000074   Code   RO         3147    i.nrf_drv_saadc_init  nrf_drv_saadc.o
    0x00021938   0x00000080   Code   RO         3149    i.nrf_drv_saadc_limits_set  nrf_drv_saadc.o
    0x000219b8   0x00000020   Code   RO         3150    i.nrf_drv_saadc_sample  nrf_drv_saadc.o
    0x000219d8   0x00000074   Code   RO         3152    i.nrf_drv_saadc_uninit  nrf_drv_saadc.o
    0x00021a4c   0x0000000e   Code   RO         5377    i.nrf_drv_timer_capture_task_address_get  app_pwm.o
    0x00021a5a   0x00000008   Code   RO         3715    i.nrf_drv_timer_clear  nrf_drv_timer.o
    0x00021a62   0x00000022   Code   RO         3716    i.nrf_drv_timer_compare  nrf_drv_timer.o
    0x00021a84   0x00000010   Code   RO         5378    i.nrf_drv_timer_compare_event_address_get  app_pwm.o
    0x00021a94   0x0000000e   Code   RO         3717    i.nrf_drv_timer_compare_int_disable  nrf_drv_timer.o
    0x00021aa2   0x00000020   Code   RO         3718    i.nrf_drv_timer_compare_int_enable  nrf_drv_timer.o
    0x00021ac2   0x00000002   PAD
    0x00021ac4   0x0000001c   Code   RO         3719    i.nrf_drv_timer_disable  nrf_drv_timer.o
    0x00021ae0   0x0000001c   Code   RO         3720    i.nrf_drv_timer_enable  nrf_drv_timer.o
    0x00021afc   0x0000002a   Code   RO         3721    i.nrf_drv_timer_extended_compare  nrf_drv_timer.o
    0x00021b26   0x00000002   PAD
    0x00021b28   0x000000a0   Code   RO         3723    i.nrf_drv_timer_init  nrf_drv_timer.o
    0x00021bc8   0x00000050   Code   RO         3726    i.nrf_drv_timer_uninit  nrf_drv_timer.o
    0x00021c18   0x00000022   Code   RO          561    i.nrf_gpio_cfg      bsp.o
    0x00021c3a   0x00000022   Code   RO         3280    i.nrf_gpio_cfg      nrf_drv_gpiote.o
    0x00021c5c   0x00000012   Code   RO         3281    i.nrf_gpio_cfg_default  nrf_drv_gpiote.o
    0x00021c6e   0x0000001c   Code   RO         3282    i.nrf_gpio_cfg_sense_set  nrf_drv_gpiote.o
    0x00021c8a   0x00000002   PAD
    0x00021c8c   0x00000014   Code   RO         3283    i.nrf_gpiote_event_clear  nrf_drv_gpiote.o
    0x00021ca0   0x00000010   Code   RO         3284    i.nrf_gpiote_event_is_set  nrf_drv_gpiote.o
    0x00021cb0   0x00000060   Code   RO         4225    i.nrf_saadc_channel_init  nrf_saadc.o
    0x00021d10   0x00000014   Code   RO         3153    i.nrf_saadc_channel_input_set  nrf_drv_saadc.o
    0x00021d24   0x00000010   Code   RO         3154    i.nrf_saadc_event_check  nrf_drv_saadc.o
    0x00021d34   0x00000010   Code   RO         3155    i.nrf_saadc_limit_int_get  nrf_drv_saadc.o
    0x00021d44   0x0000000a   Code   RO         3535    i.nrf_uart_event_check  nrf_drv_uart.o
    0x00021d4e   0x0000000c   Code   RO         3536    i.nrf_uart_int_enable_check  nrf_drv_uart.o
    0x00021d5a   0x0000000a   Code   RO         3537    i.nrf_uarte_event_check  nrf_drv_uart.o
    0x00021d64   0x00000024   Code   RO           19    i.on_adv_evt        main.o
    0x00021d88   0x00000002   Code   RO           20    i.on_bas_evt        main.o
    0x00021d8a   0x00000002   PAD
    0x00021d8c   0x00000098   Code   RO           21    i.on_ble_evt        main.o
    0x00021e24   0x0000010c   Code   RO         1351    i.on_characteristic_discovery_rsp  ble_db_discovery.o
    0x00021f30   0x000000c8   Code   RO         1352    i.on_descriptor_discovery_rsp  ble_db_discovery.o
    0x00021ff8   0x00000034   Code   RO           22    i.on_ias_c_evt      main.o
    0x0002202c   0x0000000e   Code   RO           23    i.on_ias_evt        main.o
    0x0002203a   0x0000000e   Code   RO           24    i.on_lls_evt        main.o
    0x00022048   0x00000054   Code   RO         5138    i.on_operation_success  fstorage.o
    0x0002209c   0x00000070   Code   RO         1353    i.on_primary_srv_discovery_rsp  ble_db_discovery.o
    0x0002210c   0x0000007c   Code   RO         1354    i.on_srv_disc_completion  ble_db_discovery.o
    0x00022188   0x00000080   Code   RO         4858    i.op_enqueue        fds.o
    0x00022208   0x00000012   Code   RO         4859    i.page_offsets_update  fds.o
    0x0002221a   0x00000002   PAD
    0x0002221c   0x00000064   Code   RO         4860    i.page_scan         fds.o
    0x00022280   0x00000014   Code   RO         4861    i.page_tag_write_data  fds.o
    0x00022294   0x0000001c   Code   RO         4862    i.page_tag_write_swap  fds.o
    0x000222b0   0x000000d8   Code   RO         4863    i.pages_init        fds.o
    0x00022388   0x0000006c   Code   RO         2833    i.pairing_failure   security_dispatcher.o
    0x000223f4   0x0000003c   Code   RO         2944    i.params_reply_pending_process  security_manager.o
    0x00022430   0x0000001c   Code   RO         1791    i.pdb_evt_handler   gattc_cache_manager.o
    0x0002244c   0x00000050   Code   RO         1840    i.pdb_evt_handler   gatts_cache_manager.o
    0x0002249c   0x00000078   Code   RO         1940    i.pdb_evt_handler   id_manager.o
    0x00022514   0x0000015c   Code   RO         2508    i.pdb_evt_handler   peer_manager.o
    0x00022670   0x00000034   Code   RO         2834    i.pdb_evt_handler   security_dispatcher.o
    0x000226a4   0x00000038   Code   RO         2945    i.pdb_evt_handler   security_manager.o
    0x000226dc   0x00000024   Code   RO         2255    i.pdb_evt_send      peer_database.o
    0x00022700   0x00000014   Code   RO         2257    i.pdb_next_peer_id_get  peer_database.o
    0x00022714   0x00000014   Code   RO         2258    i.pdb_peer_allocate  peer_database.o
    0x00022728   0x00000054   Code   RO         2259    i.pdb_peer_free     peer_database.o
    0x0002277c   0x00000014   Code   RO         2260    i.pdb_raw_read      peer_database.o
    0x00022790   0x00000024   Code   RO         2261    i.pdb_raw_store     peer_database.o
    0x000227b4   0x00000018   Code   RO         2262    i.pdb_read_buf_get  peer_database.o
    0x000227cc   0x00000080   Code   RO         2263    i.pdb_register      peer_database.o
    0x0002284c   0x0000011c   Code   RO         2264    i.pdb_write_buf_get  peer_database.o
    0x00022968   0x00000038   Code   RO         2265    i.pdb_write_buf_release  peer_database.o
    0x000229a0   0x000000d4   Code   RO         2266    i.pdb_write_buf_store  peer_database.o
    0x00022a74   0x00000078   Code   RO         2267    i.pdb_write_buf_store_prepare  peer_database.o
    0x00022aec   0x00000134   Code   RO         2268    i.pds_evt_handler   peer_database.o
    0x00022c20   0x00000024   Code   RO         2113    i.pds_evt_send      peer_data_storage.o
    0x00022c44   0x00000028   Code   RO         2115    i.pds_next_peer_id_get  peer_data_storage.o
    0x00022c6c   0x00000062   Code   RO         2118    i.pds_peer_data_read  peer_data_storage.o
    0x00022cce   0x00000002   PAD
    0x00022cd0   0x000000a0   Code   RO         2119    i.pds_peer_data_read_ptr_get  peer_data_storage.o
    0x00022d70   0x000000a4   Code   RO         2120    i.pds_peer_data_update  peer_data_storage.o
    0x00022e14   0x0000009c   Code   RO         2122    i.pds_peer_data_write  peer_data_storage.o
    0x00022eb0   0x00000058   Code   RO         2123    i.pds_peer_data_write_prepare  peer_data_storage.o
    0x00022f08   0x0000002c   Code   RO         2124    i.pds_peer_data_write_prepare_cancel  peer_data_storage.o
    0x00022f34   0x0000009c   Code   RO         2125    i.pds_peer_data_write_prepared  peer_data_storage.o
    0x00022fd0   0x00000028   Code   RO         2126    i.pds_peer_id_allocate  peer_data_storage.o
    0x00022ff8   0x00000030   Code   RO         2127    i.pds_peer_id_free  peer_data_storage.o
    0x00023028   0x00000024   Code   RO         2128    i.pds_peer_id_is_allocated  peer_data_storage.o
    0x0002304c   0x00000054   Code   RO         2129    i.pds_register      peer_data_storage.o
    0x000230a0   0x00000014   Code   RO          873    i.peer_address_exists  ble_advertising.o
    0x000230b4   0x00000080   Code   RO         2130    i.peer_data_clear   peer_data_storage.o
    0x00023134   0x00000006   Code   RO         2269    i.peer_data_const_point_to_buffer  peer_database.o
    0x0002313a   0x00000030   Code   RO         2076    i.peer_data_deserialize  peer_data.o
    0x0002316a   0x0000001a   Code   RO         2077    i.peer_data_parts_get  peer_data.o
    0x00023184   0x0000001a   Code   RO         2270    i.peer_data_point_to_buffer  peer_database.o
    0x0002319e   0x00000002   PAD
    0x000231a0   0x0000000c   Code   RO         2417    i.peer_id_allocate  peer_id.o
    0x000231ac   0x00000024   Code   RO         2418    i.peer_id_delete    peer_id.o
    0x000231d0   0x0000001c   Code   RO         2419    i.peer_id_free      peer_id.o
    0x000231ec   0x0000000c   Code   RO         2420    i.peer_id_get_next_deleted  peer_id.o
    0x000231f8   0x0000000c   Code   RO         2421    i.peer_id_get_next_used  peer_id.o
    0x00023204   0x00000028   Code   RO         2422    i.peer_id_init      peer_id.o
    0x0002322c   0x00000014   Code   RO         2423    i.peer_id_is_allocated  peer_id.o
    0x00023240   0x00000020   Code   RO         1941    i.peer_id_set       id_manager.o
    0x00023260   0x00000050   Code   RO         2131    i.peer_ids_init     peer_data_storage.o
    0x000232b0   0x0000007c   Code   RO           25    i.peer_manager_init  main.o
    0x0002332c   0x00000018   Code   RO         3285    i.pin_in_use_by_port  nrf_drv_gpiote.o
    0x00023344   0x00000018   Code   RO         3286    i.pin_in_use_by_te  nrf_drv_gpiote.o
    0x0002335c   0x0000005c   Code   RO         2739    i.pm_buffer_block_acquire  pm_buffer.o
    0x000233b8   0x00000040   Code   RO         2740    i.pm_buffer_init    pm_buffer.o
    0x000233f8   0x00000028   Code   RO         2741    i.pm_buffer_ptr_get  pm_buffer.o
    0x00023420   0x0000002e   Code   RO         2742    i.pm_buffer_release  pm_buffer.o
    0x0002344e   0x00000004   Code   RO         2510    i.pm_conn_sec_config_reply  peer_manager.o
    0x00023452   0x00000002   PAD
    0x00023454   0x00000014   Code   RO         2512    i.pm_conn_secure    peer_manager.o
    0x00023468   0x0000007e   Code   RO           26    i.pm_evt_handler    main.o
    0x000234e6   0x00000002   PAD
    0x000234e8   0x00000084   Code   RO         2513    i.pm_init           peer_manager.o
    0x0002356c   0x00000014   Code   RO         2515    i.pm_local_database_has_changed  peer_manager.o
    0x00023580   0x0000000e   Code   RO         2773    i.pm_mutex_init     pm_mutex.o
    0x0002358e   0x0000001a   Code   RO         2774    i.pm_mutex_lock     pm_mutex.o
    0x000235a8   0x00000036   Code   RO         2775    i.pm_mutex_lock_first_available  pm_mutex.o
    0x000235de   0x00000018   Code   RO         2776    i.pm_mutex_lock_status_get  pm_mutex.o
    0x000235f6   0x0000003a   Code   RO         2777    i.pm_mutex_unlock   pm_mutex.o
    0x00023630   0x00000028   Code   RO         2517    i.pm_on_ble_evt     peer_manager.o
    0x00023658   0x00000014   Code   RO         2528    i.pm_peer_delete    peer_manager.o
    0x0002366c   0x000000c4   Code   RO         2531    i.pm_peer_rank_highest  peer_manager.o
    0x00023730   0x000000bc   Code   RO         2532    i.pm_peer_ranks_get  peer_manager.o
    0x000237ec   0x0000003c   Code   RO         2533    i.pm_peers_delete   peer_manager.o
    0x00023828   0x0000002c   Code   RO         2534    i.pm_register       peer_manager.o
    0x00023854   0x00000020   Code   RO         2536    i.pm_sec_params_set  peer_manager.o
    0x00023874   0x00000024   Code   RO         4001    i.pstorage_access_status_get  pstorage.o
    0x00023898   0x0000001c   Code   RO         5379    i.pwm_channel_ppi_disable  app_pwm.o
    0x000238b4   0x00000084   Code   RO         5380    i.pwm_dealloc       app_pwm.o
    0x00023938   0x00000016   Code   RO         5381    i.pwm_ppi_disable   app_pwm.o
    0x0002394e   0x00000002   PAD
    0x00023950   0x0000000c   Code   RO          436    i.pwm_ready_callback  buzzer_pwm.o
    0x0002395c   0x0000005c   Code   RO         5382    i.pwm_ready_tick    app_pwm.o
    0x000239b8   0x00000070   Code   RO         5383    i.pwm_transition_0or100_to_0or100  app_pwm.o
    0x00023a28   0x00000118   Code   RO         5384    i.pwm_transition_0or100_to_n  app_pwm.o
    0x00023b40   0x00000110   Code   RO         5385    i.pwm_transition_n_to_0or100  app_pwm.o
    0x00023c50   0x000000e8   Code   RO         5386    i.pwm_transition_n_to_m  app_pwm.o
    0x00023d38   0x0000002c   Code   RO         5139    i.queue_advance     fstorage.o
    0x00023d64   0x00000038   Code   RO         5140    i.queue_get_next_free  fstorage.o
    0x00023d9c   0x000000bc   Code   RO         4864    i.queue_process     fds.o
    0x00023e58   0x00000070   Code   RO         5141    i.queue_process     fstorage.o
    0x00023ec8   0x00000020   Code   RO         4865    i.queue_start       fds.o
    0x00023ee8   0x0000001c   Code   RO         5142    i.queue_start       fstorage.o
    0x00023f04   0x00000088   Code   RO         4866    i.record_find       fds.o
    0x00023f8c   0x0000009c   Code   RO         4867    i.record_find_by_desc  fds.o
    0x00024028   0x0000004c   Code   RO         4868    i.record_find_next  fds.o
    0x00024074   0x00000020   Code   RO         4869    i.record_header_flag_dirty  fds.o
    0x00024094   0x00000058   Code   RO         4870    i.record_write_chunk  fds.o
    0x000240ec   0x00000038   Code   RO         1355    i.registered_handler_get  ble_db_discovery.o
    0x00024124   0x00000010   Code   RO         2426    i.release           peer_id.o
    0x00024134   0x0000003c   Code   RO         4547    i.rtc1_stop         app_timer.o
    0x00024170   0x00000030   Code   RO         3539    i.rx_byte           nrf_drv_uart.o
    0x000241a0   0x00000020   Code   RO         3540    i.rx_done_event     nrf_drv_uart.o
    0x000241c0   0x000000bc   Code   RO           27    i.saadc_event_handler  main.o
    0x0002427c   0x00000010   Code   RO          740    i.sd_check_ram_start  softdevice_handler.o
    0x0002428c   0x00000088   Code   RO          741    i.sd_nvic_EnableIRQ  softdevice_handler.o
    0x00024314   0x00000044   Code   RO         5275    i.sdk_mapped_flags_bulk_update_by_key  sdk_mapped_flags.o
    0x00024358   0x00000022   Code   RO         5276    i.sdk_mapped_flags_first_key_index_get  sdk_mapped_flags.o
    0x0002437a   0x00000010   Code   RO         5277    i.sdk_mapped_flags_get_by_index  sdk_mapped_flags.o
    0x0002438a   0x00000026   Code   RO         5278    i.sdk_mapped_flags_get_by_key  sdk_mapped_flags.o
    0x000243b0   0x0000004a   Code   RO         5279    i.sdk_mapped_flags_key_list_get  sdk_mapped_flags.o
    0x000243fa   0x0000000e   Code   RO         5281    i.sdk_mapped_flags_update_by_key  sdk_mapped_flags.o
    0x00024408   0x000000b4   Code   RO         2835    i.sec_info_request_process  security_dispatcher.o
    0x000244bc   0x00000076   Code   RO         2946    i.sec_params_verify  security_manager.o
    0x00024532   0x00000002   PAD
    0x00024534   0x00000054   Code   RO         2836    i.sec_proc_start    security_dispatcher.o
    0x00024588   0x00000020   Code   RO         2837    i.sec_start_send    security_dispatcher.o
    0x000245a8   0x00000046   Code   RO         5143    i.send_event        fstorage.o
    0x000245ee   0x00000002   PAD
    0x000245f0   0x00000054   Code   RO         1652    i.service_changed_pending_flags_check  gatt_cache_manager.o
    0x00024644   0x00000048   Code   RO         1841    i.service_changed_pending_set  gatts_cache_manager.o
    0x0002468c   0x00000094   Code   RO         1653    i.service_changed_send_in_evt  gatt_cache_manager.o
    0x00024720   0x00000088   Code   RO          965    i.service_data_encode  ble_advdata.o
    0x000247a8   0x00000004   Code   RO           28    i.service_error_handler  main.o
    0x000247ac   0x000000cc   Code   RO           29    i.services_init     main.o
    0x00024878   0x00000028   Code   RO           30    i.sleep_mode_enter  main.o
    0x000248a0   0x00000020   Code   RO         2947    i.sm_ble_evt_handler  security_manager.o
    0x000248c0   0x00000018   Code   RO         2948    i.sm_conn_sec_config_reply  security_manager.o
    0x000248d8   0x00000160   Code   RO         2539    i.sm_evt_handler    peer_manager.o
    0x00024a38   0x00000018   Code   RO         2950    i.sm_link_secure    security_manager.o
    0x00024a50   0x00000090   Code   RO         2951    i.sm_register       security_manager.o
    0x00024ae0   0x00000038   Code   RO         2953    i.sm_sec_params_set  security_manager.o
    0x00024b18   0x000000ec   Code   RO         2838    i.smd_ble_evt_handler  security_dispatcher.o
    0x00024c04   0x0000000e   Code   RO         1654    i.smd_evt_handler   gatt_cache_manager.o
    0x00024c12   0x00000002   PAD
    0x00024c14   0x00000074   Code   RO         2954    i.smd_evt_handler   security_manager.o
    0x00024c88   0x00000048   Code   RO         2839    i.smd_link_secure   security_dispatcher.o
    0x00024cd0   0x00000118   Code   RO         2840    i.smd_params_reply  security_dispatcher.o
    0x00024de8   0x0000008c   Code   RO         2955    i.smd_params_reply_perform  security_manager.o
    0x00024e74   0x00000060   Code   RO         2841    i.smd_register      security_dispatcher.o
    0x00024ed4   0x00000014   Code   RO          742    i.softdevice_ble_evt_handler_set  softdevice_handler.o
    0x00024ee8   0x00000014   Code   RO          743    i.softdevice_enable  softdevice_handler.o
    0x00024efc   0x00000026   Code   RO          744    i.softdevice_enable_get_default_config  softdevice_handler.o
    0x00024f22   0x00000004   Code   RO          745    i.softdevice_fault_handler  softdevice_handler.o
    0x00024f26   0x00000002   PAD
    0x00024f28   0x00000034   Code   RO          746    i.softdevice_handler_init  softdevice_handler.o
    0x00024f5c   0x00000014   Code   RO          749    i.softdevice_sys_evt_handler_set  softdevice_handler.o
    0x00024f70   0x00000012   Code   RO           31    i.sys_evt_dispatch  main.o
    0x00024f82   0x00000002   PAD
    0x00024f84   0x0000008c   Code   RO         4548    i.timer_list_handler  app_timer.o
    0x00025010   0x0000003c   Code   RO         4549    i.timer_list_insert  app_timer.o
    0x0002504c   0x00000084   Code   RO         4550    i.timer_timeouts_check  app_timer.o
    0x000250d0   0x00000024   Code   RO         3542    i.tx_byte           nrf_drv_uart.o
    0x000250f4   0x00000024   Code   RO         3543    i.tx_done_event     nrf_drv_uart.o
    0x00025118   0x0000008a   Code   RO         1598    i.tx_power_level_char_add  ble_tps.o
    0x000251a2   0x00000002   PAD
    0x000251a4   0x00000108   Code   RO         3544    i.uart_irq_handler  nrf_drv_uart.o
    0x000252ac   0x000000d8   Code   RO         3545    i.uarte_irq_handler  nrf_drv_uart.o
    0x00025384   0x0000000a   Code   RO          966    i.uint16_encode     ble_advdata.o
    0x0002538e   0x00000002   PAD
    0x00025390   0x00000060   Code   RO         1096    i.update_timeout_handler  ble_conn_params.o
    0x000253f0   0x00000018   Code   RO         1176    i.user_flag_is_acquired  ble_conn_state.o
    0x00025408   0x0000003e   Code   RO         4551    i.user_id_get       app_timer.o
    0x00025446   0x00000028   Code   RO         4552    i.user_op_alloc     app_timer.o
    0x0002546e   0x00000030   Code   RO          967    i.uuid_list_encode  ble_advdata.o
    0x0002549e   0x0000009e   Code   RO          968    i.uuid_list_sized_encode  ble_advdata.o
    0x0002553c   0x0000000e   Code   RO          874    i.whitelist_has_entries  ble_advertising.o
    0x0002554a   0x00000024   Code   RO         2271    i.write_buf_length_words_set  peer_database.o
    0x0002556e   0x00000024   Code   RO         2272    i.write_buffer_record_find  peer_database.o
    0x00025592   0x00000002   PAD
    0x00025594   0x00000030   Code   RO         2273    i.write_buffer_record_find_next  peer_database.o
    0x000255c4   0x0000001e   Code   RO         2274    i.write_buffer_record_invalidate  peer_database.o
    0x000255e2   0x00000002   PAD
    0x000255e4   0x0000002c   Code   RO         2275    i.write_buffer_record_release  peer_database.o
    0x00025610   0x00000124   Code   RO         4871    i.write_enqueue     fds.o
    0x00025734   0x000000e0   Code   RO         4872    i.write_execute     fds.o
    0x00025814   0x00000052   Code   RO         2276    i.write_or_update   peer_database.o
    0x00025866   0x00000002   PAD
    0x00025868   0x00000014   Code   RO         4873    i.write_space_free  fds.o
    0x0002587c   0x00000054   Code   RO         4874    i.write_space_reserve  fds.o
    0x000258d0   0x00000010   Data   RO           34    .constdata          main.o
    0x000258e0   0x00000008   Data   RO          438    .constdata          buzzer_pwm.o
    0x000258e8   0x0000001c   Data   RO          439    .constdata          buzzer_pwm.o
    0x00025904   0x00000018   Data   RO          565    .constdata          bsp.o
    0x0002591c   0x00000004   Data   RO         1099    .constdata          ble_conn_params.o
    0x00025920   0x00000001   Data   RO         1842    .constdata          gatts_cache_manager.o
    0x00025921   0x00000003   PAD
    0x00025924   0x00000010   Data   RO         1843    .constdata          gatts_cache_manager.o
    0x00025934   0x00000001   Data   RO         1844    .constdata          gatts_cache_manager.o
    0x00025935   0x00000003   PAD
    0x00025938   0x00000010   Data   RO         2541    .constdata          peer_manager.o
    0x00025948   0x0000003c   Data   RO         2842    .constdata          security_dispatcher.o
    0x00025984   0x00000003   Data   RO         3157    .constdata          nrf_drv_saadc.o
    0x00025987   0x00000001   PAD
    0x00025988   0x00000018   Data   RO         3728    .constdata          nrf_drv_timer.o
    0x000259a0   0x00000008   Data   RO         4406    .constdata          app_button.o
    0x000259a8   0x00000014   Data   RO         4876    .constdata          fds.o
    0x000259bc   0x0000000c   Data   RO         5388    .constdata          app_pwm.o
    0x000259c8   0x00000020   Data   RO         5593    Region$$Table       anon$$obj.o


    Execution Region RW_IRAM1 (Base: 0x20002080, Size: 0x00003328, Max: 0x0000df80, ABSOLUTE, COMPRESSED[0x00000054])

    Base Addr    Size         Type   Attr      Idx    E Section Name        Object

    0x20002080   0x0000001a   Data   RW           35    .data               main.o
    0x2000209a   0x00000001   Data   RW          440    .data               buzzer_pwm.o
    0x2000209b   0x00000001   PAD
    0x2000209c   0x0000007e   Data   RW          566    .data               bsp.o
    0x2000211a   0x00000002   PAD
    0x2000211c   0x00000008   Data   RW          675    .data               bsp_btn_ble.o
    0x20002124   0x00000014   Data   RW          751    .data               softdevice_handler.o
    0x20002138   0x0000001f   Data   RW          876    .data               ble_advertising.o
    0x20002157   0x00000001   PAD
    0x20002158   0x00000014   Data   RW         1100    .data               ble_conn_params.o
    0x2000216c   0x00000010   Data   RW         1357    .data               ble_db_discovery.o
    0x2000217c   0x00000008   Data   RW         1655    .data               gatt_cache_manager.o
    0x20002184   0x00000004   Data   RW         1792    .data               gattc_cache_manager.o
    0x20002188   0x0000000c   Data   RW         1845    .data               gatts_cache_manager.o
    0x20002194   0x00000001   Data   RW         2278    .data               peer_database.o
    0x20002195   0x00000003   PAD
    0x20002198   0x00000050   Data   RW         2843    .data               security_dispatcher.o
    0x200021e8   0x00000020   Data   RW         2956    .data               security_manager.o
    0x20002208   0x00000008   Data   RW         3860    .data               nrf_drv_ppi.o
    0x20002210   0x00000024   Data   RW         4026    .data               pstorage.o
    0x20002234   0x00000014   Data   RW         4407    .data               app_button.o
    0x20002248   0x00000020   Data   RW         4553    .data               app_timer.o
    0x20002268   0x00000018   Data   RW         4877    .data               fds.o
    0x20002280   0x00000002   Data   RW         5145    .data               fstorage.o
    0x20002282   0x0000000a   Data   RW         5389    .data               app_pwm.o
    0x2000228c   0x00000004   Data   RW         5531    .data               system_nrf52.o
    0x20002290   0x00000010   Data   RW         4878    fs_data             fds.o
    0x200022a0   0x00000020   Zero   RW           32    .bss                main.o
    0x200022c0   0x000004ac   Zero   RW           33    .bss                main.o
    0x2000276c   0x00000024   Zero   RW          437    .bss                buzzer_pwm.o
    0x20002790   0x00000020   Zero   RW          562    .bss                bsp.o
    0x200027b0   0x00000020   Zero   RW          563    .bss                bsp.o
    0x200027d0   0x00000020   Zero   RW          564    .bss                bsp.o
    0x200027f0   0x0000000c   Zero   RW          750    .bss                softdevice_handler.o
    0x200027fc   0x00000103   Zero   RW          875    .bss                ble_advertising.o
    0x200028ff   0x00000001   PAD
    0x20002900   0x00000020   Zero   RW         1097    .bss                ble_conn_params.o
    0x20002920   0x0000001c   Zero   RW         1098    .bss                ble_conn_params.o
    0x2000293c   0x00000034   Zero   RW         1177    .bss                ble_conn_state.o
    0x20002970   0x000001f8   Zero   RW         1356    .bss                ble_db_discovery.o
    0x20002b68   0x00000138   Zero   RW         1942    .bss                id_manager.o
    0x20002ca0   0x00000020   Zero   RW         2132    .bss                peer_data_storage.o
    0x20002cc0   0x00000350   Zero   RW         2277    .bss                peer_database.o
    0x20003010   0x00000040   Zero   RW         2427    .bss                peer_id.o
    0x20003050   0x00000020   Zero   RW         2540    .bss                peer_manager.o
    0x20003070   0x0000002c   Zero   RW         3156    .bss                nrf_drv_saadc.o
    0x2000309c   0x00000058   Zero   RW         3287    .bss                nrf_drv_gpiote.o
    0x200030f4   0x00000020   Zero   RW         3546    .bss                nrf_drv_uart.o
    0x20003114   0x00000024   Zero   RW         3727    .bss                nrf_drv_timer.o
    0x20003138   0x000000d8   Zero   RW         4024    .bss                pstorage.o
    0x20003210   0x00000020   Zero   RW         4405    .bss                app_button.o
    0x20003230   0x00000108   Zero   RW         4875    .bss                fds.o
    0x20003338   0x00000058   Zero   RW         5144    .bss                fstorage.o
    0x20003390   0x00000018   Zero   RW         5387    .bss                app_pwm.o
    0x200033a8   0x00002000   Zero   RW         5519    STACK               arm_startup_nrf52.o


==============================================================================

Image component sizes


      Code (inc. data)   RO Data    RW Data    ZI Data      Debug   Object Name

       332         34          8         20         32       9034   app_button.o
        22          0          0          0          0       2041   app_error.o
        36         10          0          0          0      27245   app_error_weak.o
      2380        122         12         10         24      33251   app_pwm.o
      1766         94          0         32          0      52987   app_timer.o
       124         14          0          0          0       8706   app_util_platform.o
        36          8       1024          0       8192        852   arm_startup_nrf52.o
      1532          0          0          0          0      25556   ble_advdata.o
       994         36          0         31        259      13629   ble_advertising.o
       490          0          0          0          0       4728   ble_bas.o
       436         54          4         20         60      12700   ble_conn_params.o
       540         44          0          0         52      10921   ble_conn_state.o
      1512         66          0         16        504      15927   ble_db_discovery.o
       256          0          0          0          0       3812   ble_ias.o
       306          0          0          0          0       6319   ble_ias_c.o
       314          0          0          0          0       4986   ble_lls.o
        12          0          0          0          0       1224   ble_srv_common.o
       192          0          0          0          0       3352   ble_tps.o
      1438        126         24        126         96      16623   bsp.o
       260         10          0          8          0      36233   bsp_btn_ble.o
       148         32         36          1         36      26682   buzzer_pwm.o
      3566        334         20         40        264      41859   fds.o
       918         76          0          2         88      11179   fstorage.o
      1088         58          0          8          0      20374   gatt_cache_manager.o
        64         14          0          4          0       2236   gattc_cache_manager.o
       614         50         18         12          0       8616   gatts_cache_manager.o
      1276         62          0          0        312      17321   id_manager.o
      2182        188         16         26       1228     157938   main.o
        56          0          0          0          0      27451   nrf_drv_common.o
      1480        146          0          0         88      27456   nrf_drv_gpiote.o
       872         92          0          8          0      18373   nrf_drv_ppi.o
       924        106          3          0         44      45867   nrf_drv_saadc.o
       548         56         24          0         36      18703   nrf_drv_timer.o
       684         56          0          0         32      18024   nrf_drv_uart.o
        96          6          0          0          0       6025   nrf_saadc.o
        74          0          0          0          0       4102   peer_data.o
      1566         84          0          0         32      16936   peer_data_storage.o
      1656         92          0          1        848      22360   peer_database.o
       280         34          0          0         64       6994   peer_id.o
      1708        130         16          0         32      18473   peer_manager.o
       242          0          0          0          0       3827   pm_buffer.o
       226          0          0          0          0       4541   pm_mutex.o
        36          8          0         36        216       7277   pstorage.o
       244          0          0          0          0       5564   sdk_mapped_flags.o
      1934         76         60         80          0      19122   security_dispatcher.o
      1204         82          0         32          0      15855   security_manager.o
       454         52          0         20         12      51049   softdevice_handler.o
       620         54          0          4          0       2355   system_nrf52.o

    ----------------------------------------------------------------------
     37820       2506       1304        544      12552     916685   Object Totals
         0          0         32          0          0          0   (incl. Generated)
        82          0          7          7          1          0   (incl. Padding)

    ----------------------------------------------------------------------

      Code (inc. data)   RO Data    RW Data    ZI Data      Debug   Library Member Name

        86          0          0          0          0          0   __dczerorl2.o
         0          0          0          0          0          0   entry.o
         0          0          0          0          0          0   entry10a.o
         0          0          0          0          0          0   entry11a.o
         8          4          0          0          0          0   entry2.o
         4          0          0          0          0          0   entry5.o
         0          0          0          0          0          0   entry7b.o
         0          0          0          0          0          0   entry8b.o
         8          4          0          0          0          0   entry9a.o
        30          0          0          0          0          0   handlers.o
        36          8          0          0          0         68   init.o
        26          0          0          0          0         80   memcmp.o
        36          0          0          0          0         68   memcpya.o
        36          0          0          0          0        108   memseta.o

    ----------------------------------------------------------------------
       276         16          0          0          0        324   Library Totals
         6          0          0          0          0          0   (incl. Padding)

    ----------------------------------------------------------------------

      Code (inc. data)   RO Data    RW Data    ZI Data      Debug   Library Name

       270         16          0          0          0        324   mc_w.l

    ----------------------------------------------------------------------
       276         16          0          0          0        324   Library Totals

    ----------------------------------------------------------------------

==============================================================================


      Code (inc. data)   RO Data    RW Data    ZI Data      Debug   

     38096       2522       1304        544      12552     871489   Grand Totals
     38096       2522       1304         84      12552     871489   ELF Image Totals (compressed)
     38096       2522       1304         84          0          0   ROM Totals

==============================================================================

    Total RO  Size (Code + RO Data)                39400 (  38.48kB)
    Total RW  Size (RW Data + ZI Data)             13096 (  12.79kB)
    Total ROM Size (Code + RO Data + RW Data)      39484 (  38.56kB)

==============================================================================

